******************************************************************************
                  TI ARM Linker PC v18.1.1                     
******************************************************************************
>> Linked Tue Apr 17 16:44:23 2018

OUTPUT FILE NAME:   <BOOSTXL-EDUMKII_MicrophoneFFT_MSP432P401R.out>
ENTRY POINT SYMBOL: "_c_int00_noargs"  address: 00036001


MEMORY CONFIGURATION

         name            origin    length      used     unused   attr    fill
----------------------  --------  ---------  --------  --------  ----  --------
  MAIN                  00000000   00040000  0003649c  00009b64  R  X
  INFO                  00200000   00004000  00000000  00004000  R  X
  SRAM_CODE             01000000   00010000  00000000  00010000  RW X
  SRAM_DATA             20000000   00010000  00001f87  0000e079  RW  


SEGMENT ALLOCATION MAP

run origin  load origin   length   init length attrs members
----------  ----------- ---------- ----------- ----- -------
00000000    00000000    000364a0   000364a0    r-x
  00000000    00000000    00000144   00000144    r-- .intvecs
  00000144    00000144    000337f8   000337f8    r-- .const
  0003393c    0003393c    00002af0   00002af0    r-x .text
  00036430    00036430    00000070   00000070    r-- .cinit
20000000    20000000    00001d88   00000000    rw-
  20000000    20000000    00001d27   00000000    rw- .bss
  20001d28    20001d28    00000060   00000000    rw- .data
2000fe00    2000fe00    00000200   00000000    rw-
  2000fe00    2000fe00    00000200   00000000    rw- .stack


SECTION ALLOCATION MAP

 output                                  attributes/
section   page    origin      length       input sections
--------  ----  ----------  ----------   ----------------
.intvecs   0    00000000    00000144     
                  00000000    00000144     msp432_startup_ccs.obj (.intvecs)

.const     0    00000144    000337f8     
                  00000144    00008000     dsplib-msp432.lib : arm_common_tables.obj (.const:twiddleCoef_4096)
                  00008144    00006000                       : arm_common_tables.obj (.const:twiddleCoef_4096_q31)
                  0000e144    00004000                       : arm_rfft_init_q15.obj (.const:realCoefAQ15)
                  00012144    00004000                       : arm_rfft_init_q15.obj (.const:realCoefBQ15)
                  00016144    00004000                       : arm_common_tables.obj (.const:twiddleCoef_2048)
                  0001a144    00003000                       : arm_common_tables.obj (.const:twiddleCoef_2048_q31)
                  0001d144    00003000                       : arm_common_tables.obj (.const:twiddleCoef_4096_q15)
                  00020144    00002000                       : arm_common_tables.obj (.const:twiddleCoef_1024)
                  00022144    00001f80                       : arm_common_tables.obj (.const:armBitRevIndexTable4096)
                  000240c4    00001f80                       : arm_common_tables.obj (.const:armBitRevIndexTable_fixed_4096)
                  00026044    00001dc0                       : arm_common_tables.obj (.const:armBitRevIndexTable2048)
                  00027e04    00001800                       : arm_common_tables.obj (.const:twiddleCoef_1024_q31)
                  00029604    00001800                       : arm_common_tables.obj (.const:twiddleCoef_2048_q15)
                  0002ae04    00001000                       : arm_common_tables.obj (.const:twiddleCoef_512)
                  0002be04    00000f80                       : arm_common_tables.obj (.const:armBitRevIndexTable_fixed_2048)
                  0002cd84    00000e10                       : arm_common_tables.obj (.const:armBitRevIndexTable1024)
                  0002db94    00000c00                       : arm_common_tables.obj (.const:twiddleCoef_1024_q15)
                  0002e794    00000c00                       : arm_common_tables.obj (.const:twiddleCoef_512_q31)
                  0002f394    00000800                       : arm_common_tables.obj (.const:twiddleCoef_256)
                  0002fb94    000007c0                       : arm_common_tables.obj (.const:armBitRevIndexTable_fixed_1024)
                  00030354    00000600                       : arm_common_tables.obj (.const:twiddleCoef_256_q31)
                  00030954    00000600                       : arm_common_tables.obj (.const:twiddleCoef_512_q15)
                  00030f54    00000400                       : arm_common_tables.obj (.const:twiddleCoef_128)
                  00031354    000003c0                       : arm_common_tables.obj (.const:armBitRevIndexTable_fixed_512)
                  00031714    00000380                       : arm_common_tables.obj (.const:armBitRevIndexTable512)
                  00031a94    00000370                       : arm_common_tables.obj (.const:armBitRevIndexTable256)
                  00031e04    00000300                       : arm_common_tables.obj (.const:twiddleCoef_128_q31)
                  00032104    00000300                       : arm_common_tables.obj (.const:twiddleCoef_256_q15)
                  00032404    000002f8     fontfixed6x8.obj (.const:.string:g_pucFontFixed6x8Data)
                  000326fc    00000200     dsplib-msp432.lib : arm_common_tables.obj (.const:twiddleCoef_64)
                  000328fc    000001e0                       : arm_common_tables.obj (.const:armBitRevIndexTable_fixed_256)
                  00032adc    000001b0                       : arm_const_structs.obj (.const)
                  00032c8c    000001a0                       : arm_common_tables.obj (.const:armBitRevIndexTable128)
                  00032e2c    00000180                       : arm_common_tables.obj (.const:twiddleCoef_128_q15)
                  00032fac    00000180                       : arm_common_tables.obj (.const:twiddleCoef_64_q31)
                  0003312c    00000100                       : arm_common_tables.obj (.const:twiddleCoef_32)
                  0003322c    000000e0                       : arm_common_tables.obj (.const:armBitRevIndexTable_fixed_128)
                  0003330c    000000c8     fontfixed6x8.obj (.const:g_sFontFixed6x8)
                  000333d4    000000c0     dsplib-msp432.lib : arm_common_tables.obj (.const:twiddleCoef_32_q31)
                  00033494    000000c0                       : arm_common_tables.obj (.const:twiddleCoef_64_q15)
                  00033554    00000080     adc14.obj (.const:_ctlRegs)
                  000335d4    00000080     dsplib-msp432.lib : arm_common_tables.obj (.const:twiddleCoef_16)
                  00033654    00000070                       : arm_common_tables.obj (.const:armBitRevIndexTable64)
                  000336c4    00000070                       : arm_common_tables.obj (.const:armBitRevIndexTable_fixed_64)
                  00033734    00000060                       : arm_common_tables.obj (.const:armBitRevIndexTable32)
                  00033794    00000060                       : arm_common_tables.obj (.const:twiddleCoef_16_q31)
                  000337f4    00000060                       : arm_common_tables.obj (.const:twiddleCoef_32_q15)
                  00033854    00000030                       : arm_common_tables.obj (.const:armBitRevIndexTable_fixed_32)
                  00033884    00000030                       : arm_common_tables.obj (.const:twiddleCoef_16_q15)
                  000338b4    0000002c     Crystalfontz128x128_ST7735.obj (.const:g_sCrystalfontz128x128)
                  000338e0    00000028     dsplib-msp432.lib : arm_common_tables.obj (.const:armBitRevIndexTable16)
                  00033908    0000001c     HAL_MSP_EXP432P401R_Crystalfontz128x128_ST7735.obj (.const:$P$T0$1)
                  00033924    00000018     dsplib-msp432.lib : arm_common_tables.obj (.const)

.text      0    0003393c    00002af0     
                  0003393c    0000063c     main.obj (.text:main)
                  00033f78    0000033c     dsplib-msp432.lib : arm_cfft_radix4_q15.obj (.text:arm_radix4_butterfly_inverse_q15)
                  000342b4    0000033c                       : arm_cfft_radix4_q15.obj (.text:arm_radix4_butterfly_q15)
                  000345f0    000002d0     string.obj (.text:Graphics_drawString)
                  000348c0    000001b6     rtsv7M4_T_le_v4SPD16_eabi.lib : fd_add_t2.asm.obj (.text)
                  00034a76    00000002     Crystalfontz128x128_ST7735.obj (.text:Crystalfontz128x128_Flush)
                  00034a78    00000154     adc14.obj (.text:_getIndexForMemRegister)
                  00034bcc    00000110     Crystalfontz128x128_ST7735.obj (.text:Crystalfontz128x128_Init)
                  00034cdc    00000106     Crystalfontz128x128_ST7735.obj (.text:Crystalfontz128x128_PixelDrawMultiple)
                  00034de2    000000fc     rtsv7M4_T_le_v4SPD16_eabi.lib : fd_mul_t2.asm.obj (.text)
                  00034ede    00000002     msp432_startup_ccs.obj (.text:defaultISR)
                  00034ee0    000000e0     cs.obj (.text:CS_initClockSignal)
                  00034fc0    000000dc     dsplib-msp432.lib : arm_rfft_q15.obj (.text:arm_split_rfft_q15)
                  0003509c    000000c4                       : arm_rfft_init_q15.obj (.text:arm_rfft_init_q15)
                  00035160    000000c0                       : arm_bitreversal2.obj (.text)
                  00035220    000000ba                       : arm_cfft_q15.obj (.text:arm_cfft_q15)
                  000352da    00000002     msp432_startup_ccs.obj (.text:faultISR)
                  000352dc    000000b4     rtsv7M4_T_le_v4SPD16_eabi.lib : s_cosf.c.obj (.text:cosf)
                  00035390    000000b2     timer_a.obj (.text:privateTimer_AProcessClockSourceDivider)
                  00035442    000000a4     dsplib-msp432.lib : arm_cfft_q15.obj (.text:arm_cfft_radix4by2_inverse_q15)
                  000354e6    000000a4                       : arm_cfft_q15.obj (.text:arm_cfft_radix4by2_q15)
                  0003558a    0000009c     rtsv7M4_T_le_v4SPD16_eabi.lib : memcpy_t2.asm.obj (.text)
                  00035626    00000094     spi.obj (.text:SPI_initMaster)
                  000356ba    00000002     msp432_startup_ccs.obj (.text:nmiISR)
                  000356bc    00000084     Crystalfontz128x128_ST7735.obj (.text:Crystalfontz128x128_SetDrawFrame)
                  00035740    0000007e     dsplib-msp432.lib : arm_rfft_q15.obj (.text:arm_split_rifft_q15)
                  000357be    00000002     --HOLE-- [fill = 0]
                  000357c0    0000007c     dma.obj (.text:DMA_setChannelTransfer)
                  0003583c    0000007a     dsplib-msp432.lib : arm_max_q15.obj (.text:arm_max_q15)
                  000358b6    0000007a     rtsv7M4_T_le_v4SPD16_eabi.lib : memset_t2.asm.obj (.text)
                  00035930    00000070     adc14.obj (.text:ADC14_configureConversionMemory)
                  000359a0    0000006e     rtsv7M4_T_le_v4SPD16_eabi.lib : fd_tos_t2.asm.obj (.text)
                  00035a0e    0000006c     dsplib-msp432.lib : arm_rfft_q15.obj (.text:arm_rfft_q15)
                  00035a7a    00000068     string.obj (.text:Graphics_getStringWidth)
                  00035ae2    00000068     rtsv7M4_T_le_v4SPD16_eabi.lib : copy_decompress_lzss.c.obj (.text:decompress:lzss:__TI_decompress_lzss)
                  00035b4a    00000002     --HOLE-- [fill = 0]
                  00035b4c    0000005c     main.obj (.text:DMA_INT1_IRQHandler)
                  00035ba8    00000056     Crystalfontz128x128_ST7735.obj (.text:Crystalfontz128x128_RectFill)
                  00035bfe    00000002     --HOLE-- [fill = 0]
                  00035c00    00000054     gpio.obj (.text:GPIO_setAsPeripheralModuleFunctionOutputPin)
                  00035c54    00000050     gpio.obj (.text:GPIO_setAsPeripheralModuleFunctionInputPin)
                  00035ca4    0000004a     line.obj (.text:Graphics_drawLineH)
                  00035cee    0000004a     line.obj (.text:Graphics_drawLineV)
                  00035d38    00000048     adc14.obj (.text:ADC14_configureSingleSampleMode)
                  00035d80    00000046     timer_a.obj (.text:Timer_A_generatePWM)
                  00035dc6    00000002     --HOLE-- [fill = 0]
                  00035dc8    00000044     dma.obj (.text:DMA_disableChannelAttribute)
                  00035e0c    00000044     rtsv7M4_T_le_v4SPD16_eabi.lib : autoinit.c.obj (.text:__TI_auto_init_nobinit_nopinit:__TI_auto_init_nobinit_nopinit)
                  00035e50    00000040     adc14.obj (.text:ADC14_initModule)
                  00035e90    00000040     adc14.obj (.text:ADC14_setSampleHoldTrigger)
                  00035ed0    00000040     dma.obj (.text:DMA_getChannelAttribute)
                  00035f10    00000040     HAL_MSP_EXP432P401R_Crystalfontz128x128_ST7735.obj (.text:HAL_LCD_SpiInit)
                  00035f50    0000003c     Crystalfontz128x128_ST7735.obj (.text:Crystalfontz128x128_LineDrawV)
                  00035f8c    0000003a     Crystalfontz128x128_ST7735.obj (.text:Crystalfontz128x128_LineDrawH)
                  00035fc6    0000003a     string.obj (.text:Graphics_drawStringCentered)
                  00036000    00000038     rtsv7M4_T_le_v4SPD16_eabi.lib : boot_cortex_m.c.obj (.text:_c_int00_noargs:_c_int00_noargs)
                  00036038    00000038                                   : fs_tod_t2.asm.obj (.text)
                  00036070    00000034     Crystalfontz128x128_ST7735.obj (.text:Crystalfontz128x128_SetOrientation)
                  000360a4    00000030     HAL_MSP_EXP432P401R_Crystalfontz128x128_ST7735.obj (.text:HAL_LCD_PortInit)
                  000360d4    00000030     HAL_MSP_EXP432P401R_Crystalfontz128x128_ST7735.obj (.text:HAL_LCD_writeCommand)
                  00036104    00000030     spi.obj (.text:is_A_Module)
                  00036134    00000028     adc14.obj (.text:ADC14_setResultFormat)
                  0003615c    00000028     Crystalfontz128x128_ST7735.obj (.text:Crystalfontz128x128_PixelDraw)
                  00036184    00000028     rtsv7M4_T_le_v4SPD16_eabi.lib : e_sqrtf.c.obj (.text:sqrtf)
                  000361ac    00000024     cs.obj (.text:CS_setDCOCenteredFrequency)
                  000361d0    00000024     gpio.obj (.text:GPIO_setAsOutputPin)
                  000361f4    00000022     Crystalfontz128x128_ST7735.obj (.text:Crystalfontz128x128_ClearScreen)
                  00036216    00000002     --HOLE-- [fill = 0]
                  00036218    00000020     dma.obj (.text:DMA_setChannelControl)
                  00036238    00000020     context.obj (.text:Graphics_initContext)
                  00036258    00000020     HAL_MSP_EXP432P401R_Crystalfontz128x128_ST7735.obj (.text:HAL_LCD_writeData)
                  00036278    00000020     spi.obj (.text:SPI_transmitData)
                  00036298    0000001a     string.obj (.text:Graphics_getNumberOfLeadingZeros)
                  000362b2    0000001a     spi.obj (.text:SPI_enableModule)
                  000362cc    00000018     gpio.obj (.text:GPIO_setOutputLowOnPin)
                  000362e4    00000016     Crystalfontz128x128_ST7735.obj (.text:Crystalfontz128x128_ColorTranslate)
                  000362fa    00000016     display.obj (.text:Graphics_drawHorizontalLineOnDisplay)
                  00036310    00000016     display.obj (.text:Graphics_drawVerticalLineOnDisplay)
                  00036326    00000002     --HOLE-- [fill = 0]
                  00036328    00000014     adc14.obj (.text:ADCIsConversionRunning)
                  0003633c    00000014     gpio.obj (.text:GPIO_setOutputHighOnPin)
                  00036350    00000014     msp432_startup_ccs.obj (.text:resetISR)
                  00036364    00000010     adc14.obj (.text:ADC14_enableModule)
                  00036374    00000010     dma.obj (.text:DMA_enableModule)
                  00036384    0000000e     display.obj (.text:Graphics_drawPixelOnDisplay)
                  00036392    0000000e     context.obj (.text:Graphics_setBackgroundColor)
                  000363a0    0000000e     context.obj (.text:Graphics_setForegroundColor)
                  000363ae    0000000e     rtsv7M4_T_le_v4SPD16_eabi.lib : copy_decompress_none.c.obj (.text:decompress:none:__TI_decompress_none)
                  000363bc    0000000c     dma.obj (.text:DMA_setControlBase)
                  000363c8    0000000c     spi.obj (.text:EUSCI_A_SPI_enable)
                  000363d4    0000000c     spi.obj (.text:EUSCI_B_SPI_enable)
                  000363e0    0000000c     rtsv7M4_T_le_v4SPD16_eabi.lib : copy_zero_init.c.obj (.text:decompress:ZI:__TI_zero_init)
                  000363ec    0000000a     display.obj (.text:Graphics_clearDisplayOnDisplay)
                  000363f6    0000000a     display.obj (.text:Graphics_translateColorOnDisplay)
                  00036400    00000008     spi.obj (.text:EUSCI_B_SPI_getInterruptStatus)
                  00036408    00000008     context.obj (.text:Graphics_clearDisplay)
                  00036410    00000008     rtsv7M4_T_le_v4SPD16_eabi.lib : errno.c.obj (.text:__aeabi_errno_addr)
                  00036418    00000004     spi.obj (.text:EUSCI_A_SPI_transmitData)
                  0003641c    00000004     spi.obj (.text:EUSCI_B_SPI_transmitData)
                  00036420    00000004     context.obj (.text:Graphics_setFont)
                  00036424    00000004     rtsv7M4_T_le_v4SPD16_eabi.lib : pre_init.c.obj (.text:_system_pre_init)
                  00036428    00000004                                   : exit.c.obj (.text:abort:abort)

.cinit     0    00036430    00000070     
                  00036430    0000004a     (.cinit..data.load) [load image, compression = lzss]
                  0003647a    00000002     --HOLE-- [fill = 0]
                  0003647c    0000000c     (__TI_handler_table)
                  00036488    00000008     (.cinit..bss.load) [load image, compression = zero_init]
                  00036490    00000010     (__TI_cinit_table)

.bss       0    20000000    00001d27     UNINITIALIZED
                  20000000    00000800     (.common:data_input)
                  20000800    00000800     (.common:hann)
                  20001000    00000400     (.common:data_array1)
                  20001400    00000400     (.common:data_array2)
                  20001800    00000400     (.common:data_output)
                  20001c00    00000100     (.common:controlTable)
                  20001d00    0000001c     (.common:g_sContext)
                  20001d1c    00000002     (.common:Lcd_ScreenHeigth)
                  20001d1e    00000002     (.common:Lcd_ScreenWidth)
                  20001d20    00000002     (.common:Lcd_TouchTrim)
                  20001d22    00000001     (.common:Lcd_FlagRead)
                  20001d23    00000001     (.common:Lcd_FontSolid)
                  20001d24    00000001     (.common:Lcd_Orientation)
                  20001d25    00000001     (.common:Lcd_PenSolid)
                  20001d26    00000001     (.common:status)

.data      0    20001d28    00000060     UNINITIALIZED
                  20001d28    00000030     gpio.obj (.data:GPIO_PORT_TO_BASE)
                  20001d58    00000018     main.obj (.data:pwmConfig)
                  20001d70    00000014     main.obj (.data)
                  20001d84    00000004     rtsv7M4_T_le_v4SPD16_eabi.lib : errno.c.obj (.data)

.stack     0    2000fe00    00000200     UNINITIALIZED
                  2000fe00    00000004     rtsv7M4_T_le_v4SPD16_eabi.lib : boot_cortex_m.c.obj (.stack)
                  2000fe04    000001fc     --HOLE--

MODULE SUMMARY

       Module                                               code    ro data   rw data
       ------                                               ----    -------   -------
    .\
       main.obj                                             1688    0         7497   
       msp432_startup_ccs.obj                               26      324       0      
    +--+----------------------------------------------------+-------+---------+---------+
       Total:                                               1714    324       7497   
                                                                                     
    .\GrLib\fonts\
       fontfixed6x8.obj                                     0       960       0      
    +--+----------------------------------------------------+-------+---------+---------+
       Total:                                               0       960       0      
                                                                                     
    .\GrLib\grlib\
       string.obj                                           908     0         0      
       line.obj                                             148     0         0      
       display.obj                                          78      0         0      
       context.obj                                          72      0         0      
    +--+----------------------------------------------------+-------+---------+---------+
       Total:                                               1206    0         0      
                                                                                     
    .\LcdDriver\
       Crystalfontz128x128_ST7735.obj                       1020    44        10     
       HAL_MSP_EXP432P401R_Crystalfontz128x128_ST7735.obj   192     28        0      
    +--+----------------------------------------------------+-------+---------+---------+
       Total:                                               1212    72        10     
                                                                                     
    .\driverlib\MSP432P4xx\
       adc14.obj                                            728     128       0      
       dma.obj                                              316     0         0      
       spi.obj                                              294     0         0      
       gpio.obj                                             244     0         48     
       cs.obj                                               260     0         0      
       timer_a.obj                                          248     0         0      
    +--+----------------------------------------------------+-------+---------+---------+
       Total:                                               2090    128       48     
                                                                                     
    ../dsplib-msp432.lib
       arm_common_tables.obj                                0       176576    0      
       arm_rfft_init_q15.obj                                196     32768     0      
       arm_cfft_radix4_q15.obj                              1656    0         0      
       arm_cfft_q15.obj                                     514     0         0      
       arm_rfft_q15.obj                                     454     0         0      
       arm_const_structs.obj                                0       432       0      
       arm_bitreversal2.obj                                 192     0         0      
       arm_max_q15.obj                                      122     0         0      
    +--+----------------------------------------------------+-------+---------+---------+
       Total:                                               3134    209776    0      
                                                                                     
    C:\ti\ccsv8\tools\compiler\ti-cgt-arm_18.1.1.LTS\lib\rtsv7M4_T_le_v4SPD16_eabi.lib
       fd_add_t2.asm.obj                                    438     0         0      
       fd_mul_t2.asm.obj                                    252     0         0      
       s_cosf.c.obj                                         180     0         0      
       memcpy_t2.asm.obj                                    156     0         0      
       memset_t2.asm.obj                                    122     0         0      
       fd_tos_t2.asm.obj                                    110     0         0      
       copy_decompress_lzss.c.obj                           104     0         0      
       autoinit.c.obj                                       68      0         0      
       boot_cortex_m.c.obj                                  56      0         0      
       fs_tod_t2.asm.obj                                    56      0         0      
       e_sqrtf.c.obj                                        40      0         0      
       copy_decompress_none.c.obj                           14      0         0      
       copy_zero_init.c.obj                                 12      0         0      
       errno.c.obj                                          8       0         4      
       exit.c.obj                                           4       0         0      
       pre_init.c.obj                                       4       0         0      
    +--+----------------------------------------------------+-------+---------+---------+
       Total:                                               1624    0         4      
                                                                                     
       Stack:                                               0       0         512    
       Linker Generated:                                    0       110       0      
    +--+----------------------------------------------------+-------+---------+---------+
       Grand Total:                                         10980   211370    8071   


LINKER GENERATED COPY TABLES

__TI_cinit_table @ 00036490 records: 2, size/record: 8, table size: 16
	.data: load addr=00036430, load size=0000004a bytes, run addr=20001d28, run size=00000060 bytes, compression=lzss
	.bss: load addr=00036488, load size=00000008 bytes, run addr=20000000, run size=00001d27 bytes, compression=zero_init


LINKER GENERATED HANDLER TABLE

__TI_handler_table @ 0003647c records: 3, size/record: 4, table size: 12
	index: 0, handler: __TI_decompress_lzss
	index: 1, handler: __TI_decompress_none
	index: 2, handler: __TI_zero_init


GLOBAL SYMBOLS: SORTED ALPHABETICALLY BY Name 

address   name                                       
-------   ----                                       
00035931  ADC14_configureConversionMemory            
00035d39  ADC14_configureSingleSampleMode            
00036365  ADC14_enableModule                         
00035e51  ADC14_initModule                           
00036135  ADC14_setResultFormat                      
00035e91  ADC14_setSampleHoldTrigger                 
00036429  C$$EXIT                                    
00034ee1  CS_initClockSignal                         
000361ad  CS_setDCOCenteredFrequency                 
00034bcd  Crystalfontz128x128_Init                   
000356bd  Crystalfontz128x128_SetDrawFrame           
00036071  Crystalfontz128x128_SetOrientation         
00035b4d  DMA_INT1_IRQHandler                        
00035dc9  DMA_disableChannelAttribute                
00036375  DMA_enableModule                           
00035ed1  DMA_getChannelAttribute                    
00036219  DMA_setChannelControl                      
000357c1  DMA_setChannelTransfer                     
000363bd  DMA_setControlBase                         
000363c9  EUSCI_A_SPI_enable                         
00036419  EUSCI_A_SPI_transmitData                   
000363d5  EUSCI_B_SPI_enable                         
00036401  EUSCI_B_SPI_getInterruptStatus             
0003641d  EUSCI_B_SPI_transmitData                   
000361d1  GPIO_setAsOutputPin                        
00035c55  GPIO_setAsPeripheralModuleFunctionInputPin 
00035c01  GPIO_setAsPeripheralModuleFunctionOutputPin
0003633d  GPIO_setOutputHighOnPin                    
000362cd  GPIO_setOutputLowOnPin                     
00036409  Graphics_clearDisplay                      
000363ed  Graphics_clearDisplayOnDisplay             
000362fb  Graphics_drawHorizontalLineOnDisplay       
00035ca5  Graphics_drawLineH                         
00035cef  Graphics_drawLineV                         
00036385  Graphics_drawPixelOnDisplay                
000345f1  Graphics_drawString                        
00035fc7  Graphics_drawStringCentered                
00036311  Graphics_drawVerticalLineOnDisplay         
00035a7b  Graphics_getStringWidth                    
00036239  Graphics_initContext                       
00036393  Graphics_setBackgroundColor                
00036421  Graphics_setFont                           
000363a1  Graphics_setForegroundColor                
000363f7  Graphics_translateColorOnDisplay           
000360a5  HAL_LCD_PortInit                           
00035f11  HAL_LCD_SpiInit                            
000360d5  HAL_LCD_writeCommand                       
00036259  HAL_LCD_writeData                          
20001d22  Lcd_FlagRead                               
20001d23  Lcd_FontSolid                              
20001d24  Lcd_Orientation                            
20001d25  Lcd_PenSolid                               
20001d1c  Lcd_ScreenHeigth                           
20001d1e  Lcd_ScreenWidth                            
20001d20  Lcd_TouchTrim                              
000362b3  SPI_enableModule                           
00035627  SPI_initMaster                             
00036279  SPI_transmitData                           
00035d81  Timer_A_generatePWM                        
4000480c  WDTCTL_SYM                                 
20010000  __STACK_END                                
00000200  __STACK_SIZE                               
00036490  __TI_CINIT_Base                            
000364a0  __TI_CINIT_Limit                           
0003647c  __TI_Handler_Table_Base                    
00036488  __TI_Handler_Table_Limit                   
00035e0d  __TI_auto_init_nobinit_nopinit             
00035ae3  __TI_decompress_lzss                       
000363af  __TI_decompress_none                       
ffffffff  __TI_pprof_out_hndl                        
ffffffff  __TI_prof_data_size                        
ffffffff  __TI_prof_data_start                       
00000000  __TI_static_base__                         
000363e1  __TI_zero_init                             
000359a1  __aeabi_d2f                                
000348cb  __aeabi_dadd                               
00034de3  __aeabi_dmul                               
000348c1  __aeabi_dsub                               
00036411  __aeabi_errno_addr                         
00036039  __aeabi_f2d                                
000358b7  __aeabi_memclr                             
000358b7  __aeabi_memclr4                            
000358b7  __aeabi_memclr8                            
0003558b  __aeabi_memcpy                             
0003558b  __aeabi_memcpy4                            
0003558b  __aeabi_memcpy8                            
000358b9  __aeabi_memset                             
000358b9  __aeabi_memset4                            
000358b9  __aeabi_memset8                            
ffffffff  __binit__                                  
ffffffff  __c_args__                                 
UNDEFED   __mpu_init                                 
2000fe00  __stack                                    
00036001  _c_int00_noargs                            
UNDEFED   _system_post_cinit                         
00036425  _system_pre_init                           
00036429  abort                                      
0002cd84  armBitRevIndexTable1024                    
00032c8c  armBitRevIndexTable128                     
000338e0  armBitRevIndexTable16                      
00026044  armBitRevIndexTable2048                    
00031a94  armBitRevIndexTable256                     
00033734  armBitRevIndexTable32                      
00022144  armBitRevIndexTable4096                    
00031714  armBitRevIndexTable512                     
00033654  armBitRevIndexTable64                      
0002fb94  armBitRevIndexTable_fixed_1024             
0003322c  armBitRevIndexTable_fixed_128              
00033924  armBitRevIndexTable_fixed_16               
0002be04  armBitRevIndexTable_fixed_2048             
000328fc  armBitRevIndexTable_fixed_256              
00033854  armBitRevIndexTable_fixed_32               
000240c4  armBitRevIndexTable_fixed_4096             
00031354  armBitRevIndexTable_fixed_512              
000336c4  armBitRevIndexTable_fixed_64               
000351cb  arm_bitreversal_16                         
00035161  arm_bitreversal_32                         
00035221  arm_cfft_q15                               
00035443  arm_cfft_radix4by2_inverse_q15             
000354e7  arm_cfft_radix4by2_q15                     
00032b3c  arm_cfft_sR_f32_len1024                    
00032b0c  arm_cfft_sR_f32_len128                     
00032adc  arm_cfft_sR_f32_len16                      
00032b4c  arm_cfft_sR_f32_len2048                    
00032b1c  arm_cfft_sR_f32_len256                     
00032aec  arm_cfft_sR_f32_len32                      
00032b5c  arm_cfft_sR_f32_len4096                    
00032b2c  arm_cfft_sR_f32_len512                     
00032afc  arm_cfft_sR_f32_len64                      
00032c5c  arm_cfft_sR_q15_len1024                    
00032c2c  arm_cfft_sR_q15_len128                     
00032bfc  arm_cfft_sR_q15_len16                      
00032c6c  arm_cfft_sR_q15_len2048                    
00032c3c  arm_cfft_sR_q15_len256                     
00032c0c  arm_cfft_sR_q15_len32                      
00032c7c  arm_cfft_sR_q15_len4096                    
00032c4c  arm_cfft_sR_q15_len512                     
00032c1c  arm_cfft_sR_q15_len64                      
00032bcc  arm_cfft_sR_q31_len1024                    
00032b9c  arm_cfft_sR_q31_len128                     
00032b6c  arm_cfft_sR_q31_len16                      
00032bdc  arm_cfft_sR_q31_len2048                    
00032bac  arm_cfft_sR_q31_len256                     
00032b7c  arm_cfft_sR_q31_len32                      
00032bec  arm_cfft_sR_q31_len4096                    
00032bbc  arm_cfft_sR_q31_len512                     
00032b8c  arm_cfft_sR_q31_len64                      
0003583d  arm_max_q15                                
00033f79  arm_radix4_butterfly_inverse_q15           
000342b5  arm_radix4_butterfly_q15                   
0003509d  arm_rfft_init_q15                          
00035a0f  arm_rfft_q15                               
00034fc1  arm_split_rfft_q15                         
00035741  arm_split_rifft_q15                        
ffffffff  binit                                      
20001d80  color                                      
20001c00  controlTable                               
000352dd  cosf                                       
20001000  data_array1                                
20001400  data_array2                                
20000000  data_input                                 
20001800  data_output                                
20001d78  doBitReverse                               
20001d84  errno                                      
20001d70  fftSize                                    
20001d00  g_sContext                                 
000338b4  g_sCrystalfontz128x128                     
0003330c  g_sFontFixed6x8                            
20000800  hann                                       
20001d74  ifftFlag                                   
00000000  interruptVectors                           
0003393d  main                                       
0003558b  memcpy                                     
000358bf  memset                                     
20001d58  pwmConfig                                  
00036185  sqrtf                                      
20001d26  status                                     
20001d7c  switch_data                                
00020144  twiddleCoef_1024                           
0002db94  twiddleCoef_1024_q15                       
00027e04  twiddleCoef_1024_q31                       
00030f54  twiddleCoef_128                            
00032e2c  twiddleCoef_128_q15                        
00031e04  twiddleCoef_128_q31                        
000335d4  twiddleCoef_16                             
00033884  twiddleCoef_16_q15                         
00033794  twiddleCoef_16_q31                         
00016144  twiddleCoef_2048                           
00029604  twiddleCoef_2048_q15                       
0001a144  twiddleCoef_2048_q31                       
0002f394  twiddleCoef_256                            
00032104  twiddleCoef_256_q15                        
00030354  twiddleCoef_256_q31                        
0003312c  twiddleCoef_32                             
000337f4  twiddleCoef_32_q15                         
000333d4  twiddleCoef_32_q31                         
00000144  twiddleCoef_4096                           
0001d144  twiddleCoef_4096_q15                       
00008144  twiddleCoef_4096_q31                       
0002ae04  twiddleCoef_512                            
00030954  twiddleCoef_512_q15                        
0002e794  twiddleCoef_512_q31                        
000326fc  twiddleCoef_64                             
00033494  twiddleCoef_64_q15                         
00032fac  twiddleCoef_64_q31                         


GLOBAL SYMBOLS: SORTED BY Symbol Address 

address   name                                       
-------   ----                                       
00000000  __TI_static_base__                         
00000000  interruptVectors                           
00000144  twiddleCoef_4096                           
00000200  __STACK_SIZE                               
00008144  twiddleCoef_4096_q31                       
00016144  twiddleCoef_2048                           
0001a144  twiddleCoef_2048_q31                       
0001d144  twiddleCoef_4096_q15                       
00020144  twiddleCoef_1024                           
00022144  armBitRevIndexTable4096                    
000240c4  armBitRevIndexTable_fixed_4096             
00026044  armBitRevIndexTable2048                    
00027e04  twiddleCoef_1024_q31                       
00029604  twiddleCoef_2048_q15                       
0002ae04  twiddleCoef_512                            
0002be04  armBitRevIndexTable_fixed_2048             
0002cd84  armBitRevIndexTable1024                    
0002db94  twiddleCoef_1024_q15                       
0002e794  twiddleCoef_512_q31                        
0002f394  twiddleCoef_256                            
0002fb94  armBitRevIndexTable_fixed_1024             
00030354  twiddleCoef_256_q31                        
00030954  twiddleCoef_512_q15                        
00030f54  twiddleCoef_128                            
00031354  armBitRevIndexTable_fixed_512              
00031714  armBitRevIndexTable512                     
00031a94  armBitRevIndexTable256                     
00031e04  twiddleCoef_128_q31                        
00032104  twiddleCoef_256_q15                        
000326fc  twiddleCoef_64                             
000328fc  armBitRevIndexTable_fixed_256              
00032adc  arm_cfft_sR_f32_len16                      
00032aec  arm_cfft_sR_f32_len32                      
00032afc  arm_cfft_sR_f32_len64                      
00032b0c  arm_cfft_sR_f32_len128                     
00032b1c  arm_cfft_sR_f32_len256                     
00032b2c  arm_cfft_sR_f32_len512                     
00032b3c  arm_cfft_sR_f32_len1024                    
00032b4c  arm_cfft_sR_f32_len2048                    
00032b5c  arm_cfft_sR_f32_len4096                    
00032b6c  arm_cfft_sR_q31_len16                      
00032b7c  arm_cfft_sR_q31_len32                      
00032b8c  arm_cfft_sR_q31_len64                      
00032b9c  arm_cfft_sR_q31_len128                     
00032bac  arm_cfft_sR_q31_len256                     
00032bbc  arm_cfft_sR_q31_len512                     
00032bcc  arm_cfft_sR_q31_len1024                    
00032bdc  arm_cfft_sR_q31_len2048                    
00032bec  arm_cfft_sR_q31_len4096                    
00032bfc  arm_cfft_sR_q15_len16                      
00032c0c  arm_cfft_sR_q15_len32                      
00032c1c  arm_cfft_sR_q15_len64                      
00032c2c  arm_cfft_sR_q15_len128                     
00032c3c  arm_cfft_sR_q15_len256                     
00032c4c  arm_cfft_sR_q15_len512                     
00032c5c  arm_cfft_sR_q15_len1024                    
00032c6c  arm_cfft_sR_q15_len2048                    
00032c7c  arm_cfft_sR_q15_len4096                    
00032c8c  armBitRevIndexTable128                     
00032e2c  twiddleCoef_128_q15                        
00032fac  twiddleCoef_64_q31                         
0003312c  twiddleCoef_32                             
0003322c  armBitRevIndexTable_fixed_128              
0003330c  g_sFontFixed6x8                            
000333d4  twiddleCoef_32_q31                         
00033494  twiddleCoef_64_q15                         
000335d4  twiddleCoef_16                             
00033654  armBitRevIndexTable64                      
000336c4  armBitRevIndexTable_fixed_64               
00033734  armBitRevIndexTable32                      
00033794  twiddleCoef_16_q31                         
000337f4  twiddleCoef_32_q15                         
00033854  armBitRevIndexTable_fixed_32               
00033884  twiddleCoef_16_q15                         
000338b4  g_sCrystalfontz128x128                     
000338e0  armBitRevIndexTable16                      
00033924  armBitRevIndexTable_fixed_16               
0003393d  main                                       
00033f79  arm_radix4_butterfly_inverse_q15           
000342b5  arm_radix4_butterfly_q15                   
000345f1  Graphics_drawString                        
000348c1  __aeabi_dsub                               
000348cb  __aeabi_dadd                               
00034bcd  Crystalfontz128x128_Init                   
00034de3  __aeabi_dmul                               
00034ee1  CS_initClockSignal                         
00034fc1  arm_split_rfft_q15                         
0003509d  arm_rfft_init_q15                          
00035161  arm_bitreversal_32                         
000351cb  arm_bitreversal_16                         
00035221  arm_cfft_q15                               
000352dd  cosf                                       
00035443  arm_cfft_radix4by2_inverse_q15             
000354e7  arm_cfft_radix4by2_q15                     
0003558b  __aeabi_memcpy                             
0003558b  __aeabi_memcpy4                            
0003558b  __aeabi_memcpy8                            
0003558b  memcpy                                     
00035627  SPI_initMaster                             
000356bd  Crystalfontz128x128_SetDrawFrame           
00035741  arm_split_rifft_q15                        
000357c1  DMA_setChannelTransfer                     
0003583d  arm_max_q15                                
000358b7  __aeabi_memclr                             
000358b7  __aeabi_memclr4                            
000358b7  __aeabi_memclr8                            
000358b9  __aeabi_memset                             
000358b9  __aeabi_memset4                            
000358b9  __aeabi_memset8                            
000358bf  memset                                     
00035931  ADC14_configureConversionMemory            
000359a1  __aeabi_d2f                                
00035a0f  arm_rfft_q15                               
00035a7b  Graphics_getStringWidth                    
00035ae3  __TI_decompress_lzss                       
00035b4d  DMA_INT1_IRQHandler                        
00035c01  GPIO_setAsPeripheralModuleFunctionOutputPin
00035c55  GPIO_setAsPeripheralModuleFunctionInputPin 
00035ca5  Graphics_drawLineH                         
00035cef  Graphics_drawLineV                         
00035d39  ADC14_configureSingleSampleMode            
00035d81  Timer_A_generatePWM                        
00035dc9  DMA_disableChannelAttribute                
00035e0d  __TI_auto_init_nobinit_nopinit             
00035e51  ADC14_initModule                           
00035e91  ADC14_setSampleHoldTrigger                 
00035ed1  DMA_getChannelAttribute                    
00035f11  HAL_LCD_SpiInit                            
00035fc7  Graphics_drawStringCentered                
00036001  _c_int00_noargs                            
00036039  __aeabi_f2d                                
00036071  Crystalfontz128x128_SetOrientation         
000360a5  HAL_LCD_PortInit                           
000360d5  HAL_LCD_writeCommand                       
00036135  ADC14_setResultFormat                      
00036185  sqrtf                                      
000361ad  CS_setDCOCenteredFrequency                 
000361d1  GPIO_setAsOutputPin                        
00036219  DMA_setChannelControl                      
00036239  Graphics_initContext                       
00036259  HAL_LCD_writeData                          
00036279  SPI_transmitData                           
000362b3  SPI_enableModule                           
000362cd  GPIO_setOutputLowOnPin                     
000362fb  Graphics_drawHorizontalLineOnDisplay       
00036311  Graphics_drawVerticalLineOnDisplay         
0003633d  GPIO_setOutputHighOnPin                    
00036365  ADC14_enableModule                         
00036375  DMA_enableModule                           
00036385  Graphics_drawPixelOnDisplay                
00036393  Graphics_setBackgroundColor                
000363a1  Graphics_setForegroundColor                
000363af  __TI_decompress_none                       
000363bd  DMA_setControlBase                         
000363c9  EUSCI_A_SPI_enable                         
000363d5  EUSCI_B_SPI_enable                         
000363e1  __TI_zero_init                             
000363ed  Graphics_clearDisplayOnDisplay             
000363f7  Graphics_translateColorOnDisplay           
00036401  EUSCI_B_SPI_getInterruptStatus             
00036409  Graphics_clearDisplay                      
00036411  __aeabi_errno_addr                         
00036419  EUSCI_A_SPI_transmitData                   
0003641d  EUSCI_B_SPI_transmitData                   
00036421  Graphics_setFont                           
00036425  _system_pre_init                           
00036429  C$$EXIT                                    
00036429  abort                                      
0003647c  __TI_Handler_Table_Base                    
00036488  __TI_Handler_Table_Limit                   
00036490  __TI_CINIT_Base                            
000364a0  __TI_CINIT_Limit                           
20000000  data_input                                 
20000800  hann                                       
20001000  data_array1                                
20001400  data_array2                                
20001800  data_output                                
20001c00  controlTable                               
20001d00  g_sContext                                 
20001d1c  Lcd_ScreenHeigth                           
20001d1e  Lcd_ScreenWidth                            
20001d20  Lcd_TouchTrim                              
20001d22  Lcd_FlagRead                               
20001d23  Lcd_FontSolid                              
20001d24  Lcd_Orientation                            
20001d25  Lcd_PenSolid                               
20001d26  status                                     
20001d58  pwmConfig                                  
20001d70  fftSize                                    
20001d74  ifftFlag                                   
20001d78  doBitReverse                               
20001d7c  switch_data                                
20001d80  color                                      
20001d84  errno                                      
2000fe00  __stack                                    
20010000  __STACK_END                                
4000480c  WDTCTL_SYM                                 
ffffffff  __TI_pprof_out_hndl                        
ffffffff  __TI_prof_data_size                        
ffffffff  __TI_prof_data_start                       
ffffffff  __binit__                                  
ffffffff  __c_args__                                 
ffffffff  binit                                      
UNDEFED   __mpu_init                                 
UNDEFED   _system_post_cinit                         

[205 symbols]
