<?xml version="1.0" encoding="ISO-8859-1" ?>
<link_info>
   <banner>TI ARM Linker PC v18.1.1.LTS</banner>
   <copyright>Copyright (c) 1996-2017 Texas Instruments Incorporated</copyright>
   <link_time>0x5ad678c7</link_time>
   <link_errors>0x0</link_errors>
   <output_file>BOOSTXL-EDUMKII_MicrophoneFFT_MSP432P401R.out</output_file>
   <entry_point>
      <name>_c_int00_noargs</name>
      <address>0x36001</address>
   </entry_point>
   <input_file_list>
      <input_file id="fl-2">
         <path>.\</path>
         <kind>object</kind>
         <file>main.obj</file>
         <name>main.obj</name>
      </input_file>
      <input_file id="fl-3">
         <path>.\</path>
         <kind>object</kind>
         <file>msp432_startup_ccs.obj</file>
         <name>msp432_startup_ccs.obj</name>
      </input_file>
      <input_file id="fl-4">
         <path>.\GrLib\fonts\</path>
         <kind>object</kind>
         <file>fontfixed6x8.obj</file>
         <name>fontfixed6x8.obj</name>
      </input_file>
      <input_file id="fl-5">
         <path>.\GrLib\grlib\</path>
         <kind>object</kind>
         <file>button.obj</file>
         <name>button.obj</name>
      </input_file>
      <input_file id="fl-6">
         <path>.\GrLib\grlib\</path>
         <kind>object</kind>
         <file>checkbox.obj</file>
         <name>checkbox.obj</name>
      </input_file>
      <input_file id="fl-7">
         <path>.\GrLib\grlib\</path>
         <kind>object</kind>
         <file>circle.obj</file>
         <name>circle.obj</name>
      </input_file>
      <input_file id="fl-8">
         <path>.\GrLib\grlib\</path>
         <kind>object</kind>
         <file>context.obj</file>
         <name>context.obj</name>
      </input_file>
      <input_file id="fl-9">
         <path>.\GrLib\grlib\</path>
         <kind>object</kind>
         <file>display.obj</file>
         <name>display.obj</name>
      </input_file>
      <input_file id="fl-a">
         <path>.\GrLib\grlib\</path>
         <kind>object</kind>
         <file>image.obj</file>
         <name>image.obj</name>
      </input_file>
      <input_file id="fl-b">
         <path>.\GrLib\grlib\</path>
         <kind>object</kind>
         <file>imageButton.obj</file>
         <name>imageButton.obj</name>
      </input_file>
      <input_file id="fl-c">
         <path>.\GrLib\grlib\</path>
         <kind>object</kind>
         <file>line.obj</file>
         <name>line.obj</name>
      </input_file>
      <input_file id="fl-d">
         <path>.\GrLib\grlib\</path>
         <kind>object</kind>
         <file>radioButton.obj</file>
         <name>radioButton.obj</name>
      </input_file>
      <input_file id="fl-e">
         <path>.\GrLib\grlib\</path>
         <kind>object</kind>
         <file>rectangle.obj</file>
         <name>rectangle.obj</name>
      </input_file>
      <input_file id="fl-f">
         <path>.\GrLib\grlib\</path>
         <kind>object</kind>
         <file>string.obj</file>
         <name>string.obj</name>
      </input_file>
      <input_file id="fl-10">
         <path>.\LcdDriver\</path>
         <kind>object</kind>
         <file>Crystalfontz128x128_ST7735.obj</file>
         <name>Crystalfontz128x128_ST7735.obj</name>
      </input_file>
      <input_file id="fl-11">
         <path>.\LcdDriver\</path>
         <kind>object</kind>
         <file>HAL_MSP_EXP432P401R_Crystalfontz128x128_ST7735.obj</file>
         <name>HAL_MSP_EXP432P401R_Crystalfontz128x128_ST7735.obj</name>
      </input_file>
      <input_file id="fl-12">
         <path>.\driverlib\MSP432P4xx\</path>
         <kind>object</kind>
         <file>adc14.obj</file>
         <name>adc14.obj</name>
      </input_file>
      <input_file id="fl-13">
         <path>.\driverlib\MSP432P4xx\</path>
         <kind>object</kind>
         <file>aes256.obj</file>
         <name>aes256.obj</name>
      </input_file>
      <input_file id="fl-14">
         <path>.\driverlib\MSP432P4xx\</path>
         <kind>object</kind>
         <file>comp_e.obj</file>
         <name>comp_e.obj</name>
      </input_file>
      <input_file id="fl-15">
         <path>.\driverlib\MSP432P4xx\</path>
         <kind>object</kind>
         <file>cpu.obj</file>
         <name>cpu.obj</name>
      </input_file>
      <input_file id="fl-16">
         <path>.\driverlib\MSP432P4xx\</path>
         <kind>object</kind>
         <file>crc32.obj</file>
         <name>crc32.obj</name>
      </input_file>
      <input_file id="fl-17">
         <path>.\driverlib\MSP432P4xx\</path>
         <kind>object</kind>
         <file>cs.obj</file>
         <name>cs.obj</name>
      </input_file>
      <input_file id="fl-18">
         <path>.\driverlib\MSP432P4xx\</path>
         <kind>object</kind>
         <file>dma.obj</file>
         <name>dma.obj</name>
      </input_file>
      <input_file id="fl-19">
         <path>.\driverlib\MSP432P4xx\</path>
         <kind>object</kind>
         <file>flash.obj</file>
         <name>flash.obj</name>
      </input_file>
      <input_file id="fl-1a">
         <path>.\driverlib\MSP432P4xx\</path>
         <kind>object</kind>
         <file>fpu.obj</file>
         <name>fpu.obj</name>
      </input_file>
      <input_file id="fl-1b">
         <path>.\driverlib\MSP432P4xx\</path>
         <kind>object</kind>
         <file>gpio.obj</file>
         <name>gpio.obj</name>
      </input_file>
      <input_file id="fl-1c">
         <path>.\driverlib\MSP432P4xx\</path>
         <kind>object</kind>
         <file>i2c.obj</file>
         <name>i2c.obj</name>
      </input_file>
      <input_file id="fl-1d">
         <path>.\driverlib\MSP432P4xx\</path>
         <kind>object</kind>
         <file>interrupt.obj</file>
         <name>interrupt.obj</name>
      </input_file>
      <input_file id="fl-1e">
         <path>.\driverlib\MSP432P4xx\</path>
         <kind>object</kind>
         <file>mpu.obj</file>
         <name>mpu.obj</name>
      </input_file>
      <input_file id="fl-1f">
         <path>.\driverlib\MSP432P4xx\</path>
         <kind>object</kind>
         <file>pcm.obj</file>
         <name>pcm.obj</name>
      </input_file>
      <input_file id="fl-20">
         <path>.\driverlib\MSP432P4xx\</path>
         <kind>object</kind>
         <file>pmap.obj</file>
         <name>pmap.obj</name>
      </input_file>
      <input_file id="fl-21">
         <path>.\driverlib\MSP432P4xx\</path>
         <kind>object</kind>
         <file>pss.obj</file>
         <name>pss.obj</name>
      </input_file>
      <input_file id="fl-22">
         <path>.\driverlib\MSP432P4xx\</path>
         <kind>object</kind>
         <file>ref_a.obj</file>
         <name>ref_a.obj</name>
      </input_file>
      <input_file id="fl-23">
         <path>.\driverlib\MSP432P4xx\</path>
         <kind>object</kind>
         <file>reset.obj</file>
         <name>reset.obj</name>
      </input_file>
      <input_file id="fl-24">
         <path>.\driverlib\MSP432P4xx\</path>
         <kind>object</kind>
         <file>rtc_c.obj</file>
         <name>rtc_c.obj</name>
      </input_file>
      <input_file id="fl-25">
         <path>.\driverlib\MSP432P4xx\</path>
         <kind>object</kind>
         <file>spi.obj</file>
         <name>spi.obj</name>
      </input_file>
      <input_file id="fl-26">
         <path>.\driverlib\MSP432P4xx\</path>
         <kind>object</kind>
         <file>sysctl.obj</file>
         <name>sysctl.obj</name>
      </input_file>
      <input_file id="fl-27">
         <path>.\driverlib\MSP432P4xx\</path>
         <kind>object</kind>
         <file>systick.obj</file>
         <name>systick.obj</name>
      </input_file>
      <input_file id="fl-28">
         <path>.\driverlib\MSP432P4xx\</path>
         <kind>object</kind>
         <file>timer32.obj</file>
         <name>timer32.obj</name>
      </input_file>
      <input_file id="fl-29">
         <path>.\driverlib\MSP432P4xx\</path>
         <kind>object</kind>
         <file>timer_a.obj</file>
         <name>timer_a.obj</name>
      </input_file>
      <input_file id="fl-2a">
         <path>.\driverlib\MSP432P4xx\</path>
         <kind>object</kind>
         <file>uart.obj</file>
         <name>uart.obj</name>
      </input_file>
      <input_file id="fl-2b">
         <path>.\driverlib\MSP432P4xx\</path>
         <kind>object</kind>
         <file>wdt_a.obj</file>
         <name>wdt_a.obj</name>
      </input_file>
      <input_file id="fl-34">
         <kind>object</kind>
         <file>&lt;internal&gt;</file>
         <name>&lt;internal&gt;</name>
      </input_file>
      <input_file id="fl-35">
         <path>..\</path>
         <kind>archive</kind>
         <file>dsplib-msp432.lib</file>
         <name>arm_rfft_init_q15.obj</name>
      </input_file>
      <input_file id="fl-36">
         <path>..\</path>
         <kind>archive</kind>
         <file>dsplib-msp432.lib</file>
         <name>arm_rfft_q15.obj</name>
      </input_file>
      <input_file id="fl-37">
         <path>..\</path>
         <kind>archive</kind>
         <file>dsplib-msp432.lib</file>
         <name>arm_max_q15.obj</name>
      </input_file>
      <input_file id="fl-38">
         <path>..\</path>
         <kind>archive</kind>
         <file>dsplib-msp432.lib</file>
         <name>arm_const_structs.obj</name>
      </input_file>
      <input_file id="fl-39">
         <path>..\</path>
         <kind>archive</kind>
         <file>dsplib-msp432.lib</file>
         <name>arm_cfft_q15.obj</name>
      </input_file>
      <input_file id="fl-3a">
         <path>..\</path>
         <kind>archive</kind>
         <file>dsplib-msp432.lib</file>
         <name>arm_cfft_radix4_q15.obj</name>
      </input_file>
      <input_file id="fl-3b">
         <path>..\</path>
         <kind>archive</kind>
         <file>dsplib-msp432.lib</file>
         <name>arm_common_tables.obj</name>
      </input_file>
      <input_file id="fl-3c">
         <path>..\</path>
         <kind>archive</kind>
         <file>dsplib-msp432.lib</file>
         <name>arm_bitreversal.obj</name>
      </input_file>
      <input_file id="fl-3d">
         <path>..\</path>
         <kind>archive</kind>
         <file>dsplib-msp432.lib</file>
         <name>arm_bitreversal2.obj</name>
      </input_file>
      <input_file id="fl-f3">
         <path>C:\ti\ccsv8\tools\compiler\ti-cgt-arm_18.1.1.LTS\lib\</path>
         <kind>archive</kind>
         <file>rtsv7M4_T_le_v4SPD16_eabi.lib</file>
         <name>e_sqrtf.c.obj</name>
      </input_file>
      <input_file id="fl-f4">
         <path>C:\ti\ccsv8\tools\compiler\ti-cgt-arm_18.1.1.LTS\lib\</path>
         <kind>archive</kind>
         <file>rtsv7M4_T_le_v4SPD16_eabi.lib</file>
         <name>s_cosf.c.obj</name>
      </input_file>
      <input_file id="fl-f5">
         <path>C:\ti\ccsv8\tools\compiler\ti-cgt-arm_18.1.1.LTS\lib\</path>
         <kind>archive</kind>
         <file>rtsv7M4_T_le_v4SPD16_eabi.lib</file>
         <name>fd_add_t2.asm.obj</name>
      </input_file>
      <input_file id="fl-f6">
         <path>C:\ti\ccsv8\tools\compiler\ti-cgt-arm_18.1.1.LTS\lib\</path>
         <kind>archive</kind>
         <file>rtsv7M4_T_le_v4SPD16_eabi.lib</file>
         <name>fd_mul_t2.asm.obj</name>
      </input_file>
      <input_file id="fl-f7">
         <path>C:\ti\ccsv8\tools\compiler\ti-cgt-arm_18.1.1.LTS\lib\</path>
         <kind>archive</kind>
         <file>rtsv7M4_T_le_v4SPD16_eabi.lib</file>
         <name>fd_tos_t2.asm.obj</name>
      </input_file>
      <input_file id="fl-f8">
         <path>C:\ti\ccsv8\tools\compiler\ti-cgt-arm_18.1.1.LTS\lib\</path>
         <kind>archive</kind>
         <file>rtsv7M4_T_le_v4SPD16_eabi.lib</file>
         <name>fs_tod_t2.asm.obj</name>
      </input_file>
      <input_file id="fl-f9">
         <path>C:\ti\ccsv8\tools\compiler\ti-cgt-arm_18.1.1.LTS\lib\</path>
         <kind>archive</kind>
         <file>rtsv7M4_T_le_v4SPD16_eabi.lib</file>
         <name>copy_zero_init.c.obj</name>
      </input_file>
      <input_file id="fl-fa">
         <path>C:\ti\ccsv8\tools\compiler\ti-cgt-arm_18.1.1.LTS\lib\</path>
         <kind>archive</kind>
         <file>rtsv7M4_T_le_v4SPD16_eabi.lib</file>
         <name>copy_decompress_none.c.obj</name>
      </input_file>
      <input_file id="fl-fb">
         <path>C:\ti\ccsv8\tools\compiler\ti-cgt-arm_18.1.1.LTS\lib\</path>
         <kind>archive</kind>
         <file>rtsv7M4_T_le_v4SPD16_eabi.lib</file>
         <name>copy_decompress_lzss.c.obj</name>
      </input_file>
      <input_file id="fl-fc">
         <path>C:\ti\ccsv8\tools\compiler\ti-cgt-arm_18.1.1.LTS\lib\</path>
         <kind>archive</kind>
         <file>rtsv7M4_T_le_v4SPD16_eabi.lib</file>
         <name>boot_cortex_m.c.obj</name>
      </input_file>
      <input_file id="fl-fd">
         <path>C:\ti\ccsv8\tools\compiler\ti-cgt-arm_18.1.1.LTS\lib\</path>
         <kind>archive</kind>
         <file>rtsv7M4_T_le_v4SPD16_eabi.lib</file>
         <name>errno.c.obj</name>
      </input_file>
      <input_file id="fl-fe">
         <path>C:\ti\ccsv8\tools\compiler\ti-cgt-arm_18.1.1.LTS\lib\</path>
         <kind>archive</kind>
         <file>rtsv7M4_T_le_v4SPD16_eabi.lib</file>
         <name>exit.c.obj</name>
      </input_file>
      <input_file id="fl-ff">
         <path>C:\ti\ccsv8\tools\compiler\ti-cgt-arm_18.1.1.LTS\lib\</path>
         <kind>archive</kind>
         <file>rtsv7M4_T_le_v4SPD16_eabi.lib</file>
         <name>_lock.c.obj</name>
      </input_file>
      <input_file id="fl-100">
         <path>C:\ti\ccsv8\tools\compiler\ti-cgt-arm_18.1.1.LTS\lib\</path>
         <kind>archive</kind>
         <file>rtsv7M4_T_le_v4SPD16_eabi.lib</file>
         <name>args_main.c.obj</name>
      </input_file>
      <input_file id="fl-101">
         <path>C:\ti\ccsv8\tools\compiler\ti-cgt-arm_18.1.1.LTS\lib\</path>
         <kind>archive</kind>
         <file>rtsv7M4_T_le_v4SPD16_eabi.lib</file>
         <name>memcpy_t2.asm.obj</name>
      </input_file>
      <input_file id="fl-102">
         <path>C:\ti\ccsv8\tools\compiler\ti-cgt-arm_18.1.1.LTS\lib\</path>
         <kind>archive</kind>
         <file>rtsv7M4_T_le_v4SPD16_eabi.lib</file>
         <name>memset_t2.asm.obj</name>
      </input_file>
      <input_file id="fl-103">
         <path>C:\ti\ccsv8\tools\compiler\ti-cgt-arm_18.1.1.LTS\lib\</path>
         <kind>archive</kind>
         <file>rtsv7M4_T_le_v4SPD16_eabi.lib</file>
         <name>autoinit.c.obj</name>
      </input_file>
      <input_file id="fl-104">
         <path>C:\ti\ccsv8\tools\compiler\ti-cgt-arm_18.1.1.LTS\lib\</path>
         <kind>archive</kind>
         <file>rtsv7M4_T_le_v4SPD16_eabi.lib</file>
         <name>pre_init.c.obj</name>
      </input_file>
      <input_file id="fl-105">
         <path>C:\ti\ccsv8\tools\compiler\ti-cgt-arm_18.1.1.LTS\lib\</path>
         <kind>archive</kind>
         <file>rtsv7M4_T_le_v4SPD16_eabi.lib</file>
         <name>cpy_tbl.c.obj</name>
      </input_file>
   </input_file_list>
   <object_component_list>
      <object_component id="oc-10">
         <name>.intvecs</name>
         <load_address>0x0</load_address>
         <run_address>0x0</run_address>
         <size>0x144</size>
         <input_file_ref idref="fl-3"/>
      </object_component>
      <object_component id="oc-d8">
         <name>.text:main</name>
         <load_address>0x3393c</load_address>
         <run_address>0x3393c</run_address>
         <size>0x63c</size>
         <input_file_ref idref="fl-2"/>
      </object_component>
      <object_component id="oc-462">
         <name>.text:arm_radix4_butterfly_inverse_q15</name>
         <load_address>0x33f78</load_address>
         <run_address>0x33f78</run_address>
         <size>0x33c</size>
         <input_file_ref idref="fl-3a"/>
      </object_component>
      <object_component id="oc-456">
         <name>.text:arm_radix4_butterfly_q15</name>
         <load_address>0x342b4</load_address>
         <run_address>0x342b4</run_address>
         <size>0x33c</size>
         <input_file_ref idref="fl-3a"/>
      </object_component>
      <object_component id="oc-29c">
         <name>.text:Graphics_drawString</name>
         <load_address>0x345f0</load_address>
         <run_address>0x345f0</run_address>
         <size>0x2d0</size>
         <input_file_ref idref="fl-f"/>
      </object_component>
      <object_component id="oc-184">
         <name>.text</name>
         <load_address>0x348c0</load_address>
         <run_address>0x348c0</run_address>
         <size>0x1b6</size>
         <input_file_ref idref="fl-f5"/>
      </object_component>
      <object_component id="oc-304">
         <name>.text:Crystalfontz128x128_Flush</name>
         <load_address>0x34a76</load_address>
         <run_address>0x34a76</run_address>
         <size>0x2</size>
         <input_file_ref idref="fl-10"/>
      </object_component>
      <object_component id="oc-2bc">
         <name>.text:_getIndexForMemRegister</name>
         <load_address>0x34a78</load_address>
         <run_address>0x34a78</run_address>
         <size>0x154</size>
         <input_file_ref idref="fl-12"/>
      </object_component>
      <object_component id="oc-138">
         <name>.text:Crystalfontz128x128_Init</name>
         <load_address>0x34bcc</load_address>
         <run_address>0x34bcc</run_address>
         <size>0x110</size>
         <input_file_ref idref="fl-10"/>
      </object_component>
      <object_component id="oc-2e6">
         <name>.text:Crystalfontz128x128_PixelDrawMultiple</name>
         <load_address>0x34cdc</load_address>
         <run_address>0x34cdc</run_address>
         <size>0x106</size>
         <input_file_ref idref="fl-10"/>
      </object_component>
      <object_component id="oc-17f">
         <name>.text</name>
         <load_address>0x34de2</load_address>
         <run_address>0x34de2</run_address>
         <size>0xfc</size>
         <input_file_ref idref="fl-f6"/>
      </object_component>
      <object_component id="oc-37">
         <name>.text:defaultISR</name>
         <load_address>0x34ede</load_address>
         <run_address>0x34ede</run_address>
         <size>0x2</size>
         <input_file_ref idref="fl-3"/>
      </object_component>
      <object_component id="oc-126">
         <name>.text:CS_initClockSignal</name>
         <load_address>0x34ee0</load_address>
         <run_address>0x34ee0</run_address>
         <size>0xe0</size>
         <input_file_ref idref="fl-17"/>
      </object_component>
      <object_component id="oc-324">
         <name>.text:arm_split_rfft_q15</name>
         <load_address>0x34fc0</load_address>
         <run_address>0x34fc0</run_address>
         <size>0xdc</size>
         <input_file_ref idref="fl-36"/>
      </object_component>
      <object_component id="oc-1d0">
         <name>.text:arm_rfft_init_q15</name>
         <load_address>0x3509c</load_address>
         <run_address>0x3509c</run_address>
         <size>0xc4</size>
         <input_file_ref idref="fl-35"/>
      </object_component>
      <object_component id="oc-46e">
         <name>.text</name>
         <load_address>0x35160</load_address>
         <run_address>0x35160</run_address>
         <size>0xc0</size>
         <input_file_ref idref="fl-3d"/>
      </object_component>
      <object_component id="oc-31e">
         <name>.text:arm_cfft_q15</name>
         <load_address>0x35220</load_address>
         <run_address>0x35220</run_address>
         <size>0xba</size>
         <input_file_ref idref="fl-39"/>
      </object_component>
      <object_component id="oc-31">
         <name>.text:faultISR</name>
         <load_address>0x352da</load_address>
         <run_address>0x352da</run_address>
         <size>0x2</size>
         <input_file_ref idref="fl-3"/>
      </object_component>
      <object_component id="oc-174">
         <name>.text:cosf</name>
         <load_address>0x352dc</load_address>
         <run_address>0x352dc</run_address>
         <size>0xb4</size>
         <input_file_ref idref="fl-f4"/>
      </object_component>
      <object_component id="oc-2a9">
         <name>.text:privateTimer_AProcessClockSourceDivider</name>
         <load_address>0x35390</load_address>
         <run_address>0x35390</run_address>
         <size>0xb2</size>
         <input_file_ref idref="fl-29"/>
      </object_component>
      <object_component id="oc-468">
         <name>.text:arm_cfft_radix4by2_inverse_q15</name>
         <load_address>0x35442</load_address>
         <run_address>0x35442</run_address>
         <size>0xa4</size>
         <input_file_ref idref="fl-39"/>
      </object_component>
      <object_component id="oc-45c">
         <name>.text:arm_cfft_radix4by2_q15</name>
         <load_address>0x354e6</load_address>
         <run_address>0x354e6</run_address>
         <size>0xa4</size>
         <input_file_ref idref="fl-39"/>
      </object_component>
      <object_component id="oc-51">
         <name>.text</name>
         <load_address>0x3558a</load_address>
         <run_address>0x3558a</run_address>
         <size>0x9c</size>
         <input_file_ref idref="fl-101"/>
      </object_component>
      <object_component id="oc-36a">
         <name>.text:SPI_initMaster</name>
         <load_address>0x35626</load_address>
         <run_address>0x35626</run_address>
         <size>0x94</size>
         <input_file_ref idref="fl-25"/>
      </object_component>
      <object_component id="oc-2b">
         <name>.text:nmiISR</name>
         <load_address>0x356ba</load_address>
         <run_address>0x356ba</run_address>
         <size>0x2</size>
         <input_file_ref idref="fl-3"/>
      </object_component>
      <object_component id="oc-264">
         <name>.text:Crystalfontz128x128_SetDrawFrame</name>
         <load_address>0x356bc</load_address>
         <run_address>0x356bc</run_address>
         <size>0x84</size>
         <input_file_ref idref="fl-10"/>
      </object_component>
      <object_component id="oc-318">
         <name>.text:arm_split_rifft_q15</name>
         <load_address>0x35740</load_address>
         <run_address>0x35740</run_address>
         <size>0x7e</size>
         <input_file_ref idref="fl-36"/>
      </object_component>
      <object_component id="oc-93">
         <name>.text:DMA_setChannelTransfer</name>
         <load_address>0x357c0</load_address>
         <run_address>0x357c0</run_address>
         <size>0x7c</size>
         <input_file_ref idref="fl-18"/>
      </object_component>
      <object_component id="oc-1e9">
         <name>.text:arm_max_q15</name>
         <load_address>0x3583c</load_address>
         <run_address>0x3583c</run_address>
         <size>0x7a</size>
         <input_file_ref idref="fl-37"/>
      </object_component>
      <object_component id="oc-cc">
         <name>.text</name>
         <load_address>0x358b6</load_address>
         <run_address>0x358b6</run_address>
         <size>0x7a</size>
         <input_file_ref idref="fl-102"/>
      </object_component>
      <object_component id="oc-1b2">
         <name>.text:ADC14_configureConversionMemory</name>
         <load_address>0x35930</load_address>
         <run_address>0x35930</run_address>
         <size>0x70</size>
         <input_file_ref idref="fl-12"/>
      </object_component>
      <object_component id="oc-189">
         <name>.text</name>
         <load_address>0x359a0</load_address>
         <run_address>0x359a0</run_address>
         <size>0x6e</size>
         <input_file_ref idref="fl-f7"/>
      </object_component>
      <object_component id="oc-1dd">
         <name>.text:arm_rfft_q15</name>
         <load_address>0x35a0e</load_address>
         <run_address>0x35a0e</run_address>
         <size>0x6c</size>
         <input_file_ref idref="fl-36"/>
      </object_component>
      <object_component id="oc-296">
         <name>.text:Graphics_getStringWidth</name>
         <load_address>0x35a7a</load_address>
         <run_address>0x35a7a</run_address>
         <size>0x68</size>
         <input_file_ref idref="fl-f"/>
      </object_component>
      <object_component id="oc-13">
         <name>.text:decompress:lzss:__TI_decompress_lzss</name>
         <load_address>0x35ae2</load_address>
         <run_address>0x35ae2</run_address>
         <size>0x68</size>
         <input_file_ref idref="fl-fb"/>
      </object_component>
      <object_component id="oc-3d">
         <name>.text:DMA_INT1_IRQHandler</name>
         <load_address>0x35b4c</load_address>
         <run_address>0x35b4c</run_address>
         <size>0x5c</size>
         <input_file_ref idref="fl-2"/>
      </object_component>
      <object_component id="oc-2f8">
         <name>.text:Crystalfontz128x128_RectFill</name>
         <load_address>0x35ba8</load_address>
         <run_address>0x35ba8</run_address>
         <size>0x56</size>
         <input_file_ref idref="fl-10"/>
      </object_component>
      <object_component id="oc-363">
         <name>.text:GPIO_setAsPeripheralModuleFunctionOutputPin</name>
         <load_address>0x35c00</load_address>
         <run_address>0x35c00</run_address>
         <size>0x54</size>
         <input_file_ref idref="fl-1b"/>
      </object_component>
      <object_component id="oc-1a6">
         <name>.text:GPIO_setAsPeripheralModuleFunctionInputPin</name>
         <load_address>0x35c54</load_address>
         <run_address>0x35c54</run_address>
         <size>0x50</size>
         <input_file_ref idref="fl-1b"/>
      </object_component>
      <object_component id="oc-162">
         <name>.text:Graphics_drawLineH</name>
         <load_address>0x35ca4</load_address>
         <run_address>0x35ca4</run_address>
         <size>0x4a</size>
         <input_file_ref idref="fl-c"/>
      </object_component>
      <object_component id="oc-168">
         <name>.text:Graphics_drawLineV</name>
         <load_address>0x35cee</load_address>
         <run_address>0x35cee</run_address>
         <size>0x4a</size>
         <input_file_ref idref="fl-c"/>
      </object_component>
      <object_component id="oc-1ac">
         <name>.text:ADC14_configureSingleSampleMode</name>
         <load_address>0x35d38</load_address>
         <run_address>0x35d38</run_address>
         <size>0x48</size>
         <input_file_ref idref="fl-12"/>
      </object_component>
      <object_component id="oc-18e">
         <name>.text:Timer_A_generatePWM</name>
         <load_address>0x35d80</load_address>
         <run_address>0x35d80</run_address>
         <size>0x46</size>
         <input_file_ref idref="fl-29"/>
      </object_component>
      <object_component id="oc-1ca">
         <name>.text:DMA_disableChannelAttribute</name>
         <load_address>0x35dc8</load_address>
         <run_address>0x35dc8</run_address>
         <size>0x44</size>
         <input_file_ref idref="fl-18"/>
      </object_component>
      <object_component id="oc-204">
         <name>.text:__TI_auto_init_nobinit_nopinit:__TI_auto_init_nobinit_nopinit</name>
         <load_address>0x35e0c</load_address>
         <run_address>0x35e0c</run_address>
         <size>0x44</size>
         <input_file_ref idref="fl-103"/>
      </object_component>
      <object_component id="oc-19a">
         <name>.text:ADC14_initModule</name>
         <load_address>0x35e50</load_address>
         <run_address>0x35e50</run_address>
         <size>0x40</size>
         <input_file_ref idref="fl-12"/>
      </object_component>
      <object_component id="oc-1a0">
         <name>.text:ADC14_setSampleHoldTrigger</name>
         <load_address>0x35e90</load_address>
         <run_address>0x35e90</run_address>
         <size>0x40</size>
         <input_file_ref idref="fl-12"/>
      </object_component>
      <object_component id="oc-87">
         <name>.text:DMA_getChannelAttribute</name>
         <load_address>0x35ed0</load_address>
         <run_address>0x35ed0</run_address>
         <size>0x40</size>
         <input_file_ref idref="fl-18"/>
      </object_component>
      <object_component id="oc-24c">
         <name>.text:HAL_LCD_SpiInit</name>
         <load_address>0x35f10</load_address>
         <run_address>0x35f10</run_address>
         <size>0x40</size>
         <input_file_ref idref="fl-11"/>
      </object_component>
      <object_component id="oc-2f2">
         <name>.text:Crystalfontz128x128_LineDrawV</name>
         <load_address>0x35f50</load_address>
         <run_address>0x35f50</run_address>
         <size>0x3c</size>
         <input_file_ref idref="fl-10"/>
      </object_component>
      <object_component id="oc-2ec">
         <name>.text:Crystalfontz128x128_LineDrawH</name>
         <load_address>0x35f8c</load_address>
         <run_address>0x35f8c</run_address>
         <size>0x3a</size>
         <input_file_ref idref="fl-10"/>
      </object_component>
      <object_component id="oc-16e">
         <name>.text:Graphics_drawStringCentered</name>
         <load_address>0x35fc6</load_address>
         <run_address>0x35fc6</run_address>
         <size>0x3a</size>
         <input_file_ref idref="fl-f"/>
      </object_component>
      <object_component id="oc-6f">
         <name>.text:_c_int00_noargs:_c_int00_noargs</name>
         <load_address>0x36000</load_address>
         <run_address>0x36000</run_address>
         <size>0x38</size>
         <input_file_ref idref="fl-fc"/>
      </object_component>
      <object_component id="oc-17a">
         <name>.text</name>
         <load_address>0x36038</load_address>
         <run_address>0x36038</run_address>
         <size>0x38</size>
         <input_file_ref idref="fl-f8"/>
      </object_component>
      <object_component id="oc-13e">
         <name>.text:Crystalfontz128x128_SetOrientation</name>
         <load_address>0x36070</load_address>
         <run_address>0x36070</run_address>
         <size>0x34</size>
         <input_file_ref idref="fl-10"/>
      </object_component>
      <object_component id="oc-246">
         <name>.text:HAL_LCD_PortInit</name>
         <load_address>0x360a4</load_address>
         <run_address>0x360a4</run_address>
         <size>0x30</size>
         <input_file_ref idref="fl-11"/>
      </object_component>
      <object_component id="oc-258">
         <name>.text:HAL_LCD_writeCommand</name>
         <load_address>0x360d4</load_address>
         <run_address>0x360d4</run_address>
         <size>0x30</size>
         <input_file_ref idref="fl-11"/>
      </object_component>
      <object_component id="oc-4a3">
         <name>.text:is_A_Module</name>
         <load_address>0x36104</load_address>
         <run_address>0x36104</run_address>
         <size>0x30</size>
         <input_file_ref idref="fl-25"/>
      </object_component>
      <object_component id="oc-1b8">
         <name>.text:ADC14_setResultFormat</name>
         <load_address>0x36134</load_address>
         <run_address>0x36134</run_address>
         <size>0x28</size>
         <input_file_ref idref="fl-12"/>
      </object_component>
      <object_component id="oc-2e0">
         <name>.text:Crystalfontz128x128_PixelDraw</name>
         <load_address>0x3615c</load_address>
         <run_address>0x3615c</run_address>
         <size>0x28</size>
         <input_file_ref idref="fl-10"/>
      </object_component>
      <object_component id="oc-1e3">
         <name>.text:sqrtf</name>
         <load_address>0x36184</load_address>
         <run_address>0x36184</run_address>
         <size>0x28</size>
         <input_file_ref idref="fl-f3"/>
      </object_component>
      <object_component id="oc-120">
         <name>.text:CS_setDCOCenteredFrequency</name>
         <load_address>0x361ac</load_address>
         <run_address>0x361ac</run_address>
         <size>0x24</size>
         <input_file_ref idref="fl-17"/>
      </object_component>
      <object_component id="oc-12c">
         <name>.text:GPIO_setAsOutputPin</name>
         <load_address>0x361d0</load_address>
         <run_address>0x361d0</run_address>
         <size>0x24</size>
         <input_file_ref idref="fl-1b"/>
      </object_component>
      <object_component id="oc-30a">
         <name>.text:Crystalfontz128x128_ClearScreen</name>
         <load_address>0x361f4</load_address>
         <run_address>0x361f4</run_address>
         <size>0x22</size>
         <input_file_ref idref="fl-10"/>
      </object_component>
      <object_component id="oc-8d">
         <name>.text:DMA_setChannelControl</name>
         <load_address>0x36218</load_address>
         <run_address>0x36218</run_address>
         <size>0x20</size>
         <input_file_ref idref="fl-18"/>
      </object_component>
      <object_component id="oc-144">
         <name>.text:Graphics_initContext</name>
         <load_address>0x36238</load_address>
         <run_address>0x36238</run_address>
         <size>0x20</size>
         <input_file_ref idref="fl-8"/>
      </object_component>
      <object_component id="oc-25e">
         <name>.text:HAL_LCD_writeData</name>
         <load_address>0x36258</load_address>
         <run_address>0x36258</run_address>
         <size>0x20</size>
         <input_file_ref idref="fl-11"/>
      </object_component>
      <object_component id="oc-386">
         <name>.text:SPI_transmitData</name>
         <load_address>0x36278</load_address>
         <run_address>0x36278</run_address>
         <size>0x20</size>
         <input_file_ref idref="fl-25"/>
      </object_component>
      <object_component id="oc-3a1">
         <name>.text:Graphics_getNumberOfLeadingZeros</name>
         <load_address>0x36298</load_address>
         <run_address>0x36298</run_address>
         <size>0x1a</size>
         <input_file_ref idref="fl-f"/>
      </object_component>
      <object_component id="oc-370">
         <name>.text:SPI_enableModule</name>
         <load_address>0x362b2</load_address>
         <run_address>0x362b2</run_address>
         <size>0x1a</size>
         <input_file_ref idref="fl-25"/>
      </object_component>
      <object_component id="oc-132">
         <name>.text:GPIO_setOutputLowOnPin</name>
         <load_address>0x362cc</load_address>
         <run_address>0x362cc</run_address>
         <size>0x18</size>
         <input_file_ref idref="fl-1b"/>
      </object_component>
      <object_component id="oc-2fe">
         <name>.text:Crystalfontz128x128_ColorTranslate</name>
         <load_address>0x362e4</load_address>
         <run_address>0x362e4</run_address>
         <size>0x16</size>
         <input_file_ref idref="fl-10"/>
      </object_component>
      <object_component id="oc-287">
         <name>.text:Graphics_drawHorizontalLineOnDisplay</name>
         <load_address>0x362fa</load_address>
         <run_address>0x362fa</run_address>
         <size>0x16</size>
         <input_file_ref idref="fl-9"/>
      </object_component>
      <object_component id="oc-28f">
         <name>.text:Graphics_drawVerticalLineOnDisplay</name>
         <load_address>0x36310</load_address>
         <run_address>0x36310</run_address>
         <size>0x16</size>
         <input_file_ref idref="fl-9"/>
      </object_component>
      <object_component id="oc-2b2">
         <name>.text:ADCIsConversionRunning</name>
         <load_address>0x36328</load_address>
         <run_address>0x36328</run_address>
         <size>0x14</size>
         <input_file_ref idref="fl-12"/>
      </object_component>
      <object_component id="oc-252">
         <name>.text:GPIO_setOutputHighOnPin</name>
         <load_address>0x3633c</load_address>
         <run_address>0x3633c</run_address>
         <size>0x14</size>
         <input_file_ref idref="fl-1b"/>
      </object_component>
      <object_component id="oc-25">
         <name>.text:resetISR</name>
         <load_address>0x36350</load_address>
         <run_address>0x36350</run_address>
         <size>0x14</size>
         <input_file_ref idref="fl-3"/>
      </object_component>
      <object_component id="oc-194">
         <name>.text:ADC14_enableModule</name>
         <load_address>0x36364</load_address>
         <run_address>0x36364</run_address>
         <size>0x10</size>
         <input_file_ref idref="fl-12"/>
      </object_component>
      <object_component id="oc-1be">
         <name>.text:DMA_enableModule</name>
         <load_address>0x36374</load_address>
         <run_address>0x36374</run_address>
         <size>0x10</size>
         <input_file_ref idref="fl-18"/>
      </object_component>
      <object_component id="oc-3a7">
         <name>.text:Graphics_drawPixelOnDisplay</name>
         <load_address>0x36384</load_address>
         <run_address>0x36384</run_address>
         <size>0xe</size>
         <input_file_ref idref="fl-9"/>
      </object_component>
      <object_component id="oc-150">
         <name>.text:Graphics_setBackgroundColor</name>
         <load_address>0x36392</load_address>
         <run_address>0x36392</run_address>
         <size>0xe</size>
         <input_file_ref idref="fl-8"/>
      </object_component>
      <object_component id="oc-14a">
         <name>.text:Graphics_setForegroundColor</name>
         <load_address>0x363a0</load_address>
         <run_address>0x363a0</run_address>
         <size>0xe</size>
         <input_file_ref idref="fl-8"/>
      </object_component>
      <object_component id="oc-19">
         <name>.text:decompress:none:__TI_decompress_none</name>
         <load_address>0x363ae</load_address>
         <run_address>0x363ae</run_address>
         <size>0xe</size>
         <input_file_ref idref="fl-fa"/>
      </object_component>
      <object_component id="oc-1c4">
         <name>.text:DMA_setControlBase</name>
         <load_address>0x363bc</load_address>
         <run_address>0x363bc</run_address>
         <size>0xc</size>
         <input_file_ref idref="fl-18"/>
      </object_component>
      <object_component id="oc-4b1">
         <name>.text:EUSCI_A_SPI_enable</name>
         <load_address>0x363c8</load_address>
         <run_address>0x363c8</run_address>
         <size>0xc</size>
         <input_file_ref idref="fl-25"/>
      </object_component>
      <object_component id="oc-4ab">
         <name>.text:EUSCI_B_SPI_enable</name>
         <load_address>0x363d4</load_address>
         <run_address>0x363d4</run_address>
         <size>0xc</size>
         <input_file_ref idref="fl-25"/>
      </object_component>
      <object_component id="oc-63">
         <name>.text:decompress:ZI:__TI_zero_init</name>
         <load_address>0x363e0</load_address>
         <run_address>0x363e0</run_address>
         <size>0xc</size>
         <input_file_ref idref="fl-f9"/>
      </object_component>
      <object_component id="oc-280">
         <name>.text:Graphics_clearDisplayOnDisplay</name>
         <load_address>0x363ec</load_address>
         <run_address>0x363ec</run_address>
         <size>0xa</size>
         <input_file_ref idref="fl-9"/>
      </object_component>
      <object_component id="oc-277">
         <name>.text:Graphics_translateColorOnDisplay</name>
         <load_address>0x363f6</load_address>
         <run_address>0x363f6</run_address>
         <size>0xa</size>
         <input_file_ref idref="fl-9"/>
      </object_component>
      <object_component id="oc-380">
         <name>.text:EUSCI_B_SPI_getInterruptStatus</name>
         <load_address>0x36400</load_address>
         <run_address>0x36400</run_address>
         <size>0x8</size>
         <input_file_ref idref="fl-25"/>
      </object_component>
      <object_component id="oc-15c">
         <name>.text:Graphics_clearDisplay</name>
         <load_address>0x36408</load_address>
         <run_address>0x36408</run_address>
         <size>0x8</size>
         <input_file_ref idref="fl-8"/>
      </object_component>
      <object_component id="oc-32c">
         <name>.text:__aeabi_errno_addr</name>
         <load_address>0x36410</load_address>
         <run_address>0x36410</run_address>
         <size>0x8</size>
         <input_file_ref idref="fl-fd"/>
      </object_component>
      <object_component id="oc-4c1">
         <name>.text:EUSCI_A_SPI_transmitData</name>
         <load_address>0x36418</load_address>
         <run_address>0x36418</run_address>
         <size>0x4</size>
         <input_file_ref idref="fl-25"/>
      </object_component>
      <object_component id="oc-4bb">
         <name>.text:EUSCI_B_SPI_transmitData</name>
         <load_address>0x3641c</load_address>
         <run_address>0x3641c</run_address>
         <size>0x4</size>
         <input_file_ref idref="fl-25"/>
      </object_component>
      <object_component id="oc-156">
         <name>.text:Graphics_setFont</name>
         <load_address>0x36420</load_address>
         <run_address>0x36420</run_address>
         <size>0x4</size>
         <input_file_ref idref="fl-8"/>
      </object_component>
      <object_component id="oc-d2">
         <name>.text:_system_pre_init</name>
         <load_address>0x36424</load_address>
         <run_address>0x36424</run_address>
         <size>0x4</size>
         <input_file_ref idref="fl-104"/>
      </object_component>
      <object_component id="oc-1f8">
         <name>.text:abort:abort</name>
         <load_address>0x36428</load_address>
         <run_address>0x36428</run_address>
         <size>0x4</size>
         <input_file_ref idref="fl-fe"/>
      </object_component>
      <object_component id="oc-3ed">
         <name>.const:twiddleCoef_4096</name>
         <load_address>0x144</load_address>
         <run_address>0x144</run_address>
         <size>0x8000</size>
         <input_file_ref idref="fl-3b"/>
      </object_component>
      <object_component id="oc-423">
         <name>.const:twiddleCoef_4096_q31</name>
         <load_address>0x8144</load_address>
         <run_address>0x8144</run_address>
         <size>0x6000</size>
         <input_file_ref idref="fl-3b"/>
      </object_component>
      <object_component id="oc-2cb">
         <name>.const:realCoefAQ15</name>
         <load_address>0xe144</load_address>
         <run_address>0xe144</run_address>
         <size>0x4000</size>
         <input_file_ref idref="fl-35"/>
      </object_component>
      <object_component id="oc-2ce">
         <name>.const:realCoefBQ15</name>
         <load_address>0x12144</load_address>
         <run_address>0x12144</run_address>
         <size>0x4000</size>
         <input_file_ref idref="fl-35"/>
      </object_component>
      <object_component id="oc-3e7">
         <name>.const:twiddleCoef_2048</name>
         <load_address>0x16144</load_address>
         <run_address>0x16144</run_address>
         <size>0x4000</size>
         <input_file_ref idref="fl-3b"/>
      </object_component>
      <object_component id="oc-41d">
         <name>.const:twiddleCoef_2048_q31</name>
         <load_address>0x1a144</load_address>
         <run_address>0x1a144</run_address>
         <size>0x3000</size>
         <input_file_ref idref="fl-3b"/>
      </object_component>
      <object_component id="oc-441">
         <name>.const:twiddleCoef_4096_q15</name>
         <load_address>0x1d144</load_address>
         <run_address>0x1d144</run_address>
         <size>0x3000</size>
         <input_file_ref idref="fl-3b"/>
      </object_component>
      <object_component id="oc-3e1">
         <name>.const:twiddleCoef_1024</name>
         <load_address>0x20144</load_address>
         <run_address>0x20144</run_address>
         <size>0x2000</size>
         <input_file_ref idref="fl-3b"/>
      </object_component>
      <object_component id="oc-3f0">
         <name>.const:armBitRevIndexTable4096</name>
         <load_address>0x22144</load_address>
         <run_address>0x22144</run_address>
         <size>0x1f80</size>
         <input_file_ref idref="fl-3b"/>
      </object_component>
      <object_component id="oc-426">
         <name>.const:armBitRevIndexTable_fixed_4096</name>
         <load_address>0x240c4</load_address>
         <run_address>0x240c4</run_address>
         <size>0x1f80</size>
         <input_file_ref idref="fl-3b"/>
      </object_component>
      <object_component id="oc-3ea">
         <name>.const:armBitRevIndexTable2048</name>
         <load_address>0x26044</load_address>
         <run_address>0x26044</run_address>
         <size>0x1dc0</size>
         <input_file_ref idref="fl-3b"/>
      </object_component>
      <object_component id="oc-417">
         <name>.const:twiddleCoef_1024_q31</name>
         <load_address>0x27e04</load_address>
         <run_address>0x27e04</run_address>
         <size>0x1800</size>
         <input_file_ref idref="fl-3b"/>
      </object_component>
      <object_component id="oc-43e">
         <name>.const:twiddleCoef_2048_q15</name>
         <load_address>0x29604</load_address>
         <run_address>0x29604</run_address>
         <size>0x1800</size>
         <input_file_ref idref="fl-3b"/>
      </object_component>
      <object_component id="oc-3db">
         <name>.const:twiddleCoef_512</name>
         <load_address>0x2ae04</load_address>
         <run_address>0x2ae04</run_address>
         <size>0x1000</size>
         <input_file_ref idref="fl-3b"/>
      </object_component>
      <object_component id="oc-420">
         <name>.const:armBitRevIndexTable_fixed_2048</name>
         <load_address>0x2be04</load_address>
         <run_address>0x2be04</run_address>
         <size>0xf80</size>
         <input_file_ref idref="fl-3b"/>
      </object_component>
      <object_component id="oc-3e4">
         <name>.const:armBitRevIndexTable1024</name>
         <load_address>0x2cd84</load_address>
         <run_address>0x2cd84</run_address>
         <size>0xe10</size>
         <input_file_ref idref="fl-3b"/>
      </object_component>
      <object_component id="oc-43b">
         <name>.const:twiddleCoef_1024_q15</name>
         <load_address>0x2db94</load_address>
         <run_address>0x2db94</run_address>
         <size>0xc00</size>
         <input_file_ref idref="fl-3b"/>
      </object_component>
      <object_component id="oc-411">
         <name>.const:twiddleCoef_512_q31</name>
         <load_address>0x2e794</load_address>
         <run_address>0x2e794</run_address>
         <size>0xc00</size>
         <input_file_ref idref="fl-3b"/>
      </object_component>
      <object_component id="oc-3d5">
         <name>.const:twiddleCoef_256</name>
         <load_address>0x2f394</load_address>
         <run_address>0x2f394</run_address>
         <size>0x800</size>
         <input_file_ref idref="fl-3b"/>
      </object_component>
      <object_component id="oc-41a">
         <name>.const:armBitRevIndexTable_fixed_1024</name>
         <load_address>0x2fb94</load_address>
         <run_address>0x2fb94</run_address>
         <size>0x7c0</size>
         <input_file_ref idref="fl-3b"/>
      </object_component>
      <object_component id="oc-40b">
         <name>.const:twiddleCoef_256_q31</name>
         <load_address>0x30354</load_address>
         <run_address>0x30354</run_address>
         <size>0x600</size>
         <input_file_ref idref="fl-3b"/>
      </object_component>
      <object_component id="oc-438">
         <name>.const:twiddleCoef_512_q15</name>
         <load_address>0x30954</load_address>
         <run_address>0x30954</run_address>
         <size>0x600</size>
         <input_file_ref idref="fl-3b"/>
      </object_component>
      <object_component id="oc-3cf">
         <name>.const:twiddleCoef_128</name>
         <load_address>0x30f54</load_address>
         <run_address>0x30f54</run_address>
         <size>0x400</size>
         <input_file_ref idref="fl-3b"/>
      </object_component>
      <object_component id="oc-414">
         <name>.const:armBitRevIndexTable_fixed_512</name>
         <load_address>0x31354</load_address>
         <run_address>0x31354</run_address>
         <size>0x3c0</size>
         <input_file_ref idref="fl-3b"/>
      </object_component>
      <object_component id="oc-3de">
         <name>.const:armBitRevIndexTable512</name>
         <load_address>0x31714</load_address>
         <run_address>0x31714</run_address>
         <size>0x380</size>
         <input_file_ref idref="fl-3b"/>
      </object_component>
      <object_component id="oc-3d8">
         <name>.const:armBitRevIndexTable256</name>
         <load_address>0x31a94</load_address>
         <run_address>0x31a94</run_address>
         <size>0x370</size>
         <input_file_ref idref="fl-3b"/>
      </object_component>
      <object_component id="oc-405">
         <name>.const:twiddleCoef_128_q31</name>
         <load_address>0x31e04</load_address>
         <run_address>0x31e04</run_address>
         <size>0x300</size>
         <input_file_ref idref="fl-3b"/>
      </object_component>
      <object_component id="oc-435">
         <name>.const:twiddleCoef_256_q15</name>
         <load_address>0x32104</load_address>
         <run_address>0x32104</run_address>
         <size>0x300</size>
         <input_file_ref idref="fl-3b"/>
      </object_component>
      <object_component id="oc-312">
         <name>.const:.string:g_pucFontFixed6x8Data</name>
         <load_address>0x32404</load_address>
         <run_address>0x32404</run_address>
         <size>0x2f8</size>
         <input_file_ref idref="fl-4"/>
      </object_component>
      <object_component id="oc-3c9">
         <name>.const:twiddleCoef_64</name>
         <load_address>0x326fc</load_address>
         <run_address>0x326fc</run_address>
         <size>0x200</size>
         <input_file_ref idref="fl-3b"/>
      </object_component>
      <object_component id="oc-40e">
         <name>.const:armBitRevIndexTable_fixed_256</name>
         <load_address>0x328fc</load_address>
         <run_address>0x328fc</run_address>
         <size>0x1e0</size>
         <input_file_ref idref="fl-3b"/>
      </object_component>
      <object_component id="oc-2d1">
         <name>.const</name>
         <load_address>0x32adc</load_address>
         <run_address>0x32adc</run_address>
         <size>0x1b0</size>
         <input_file_ref idref="fl-38"/>
      </object_component>
      <object_component id="oc-3d2">
         <name>.const:armBitRevIndexTable128</name>
         <load_address>0x32c8c</load_address>
         <run_address>0x32c8c</run_address>
         <size>0x1a0</size>
         <input_file_ref idref="fl-3b"/>
      </object_component>
      <object_component id="oc-432">
         <name>.const:twiddleCoef_128_q15</name>
         <load_address>0x32e2c</load_address>
         <run_address>0x32e2c</run_address>
         <size>0x180</size>
         <input_file_ref idref="fl-3b"/>
      </object_component>
      <object_component id="oc-3ff">
         <name>.const:twiddleCoef_64_q31</name>
         <load_address>0x32fac</load_address>
         <run_address>0x32fac</run_address>
         <size>0x180</size>
         <input_file_ref idref="fl-3b"/>
      </object_component>
      <object_component id="oc-3c3">
         <name>.const:twiddleCoef_32</name>
         <load_address>0x3312c</load_address>
         <run_address>0x3312c</run_address>
         <size>0x100</size>
         <input_file_ref idref="fl-3b"/>
      </object_component>
      <object_component id="oc-408">
         <name>.const:armBitRevIndexTable_fixed_128</name>
         <load_address>0x3322c</load_address>
         <run_address>0x3322c</run_address>
         <size>0xe0</size>
         <input_file_ref idref="fl-3b"/>
      </object_component>
      <object_component id="oc-1da">
         <name>.const:g_sFontFixed6x8</name>
         <load_address>0x3330c</load_address>
         <run_address>0x3330c</run_address>
         <size>0xc8</size>
         <input_file_ref idref="fl-4"/>
      </object_component>
      <object_component id="oc-3f9">
         <name>.const:twiddleCoef_32_q31</name>
         <load_address>0x333d4</load_address>
         <run_address>0x333d4</run_address>
         <size>0xc0</size>
         <input_file_ref idref="fl-3b"/>
      </object_component>
      <object_component id="oc-42f">
         <name>.const:twiddleCoef_64_q15</name>
         <load_address>0x33494</load_address>
         <run_address>0x33494</run_address>
         <size>0xc0</size>
         <input_file_ref idref="fl-3b"/>
      </object_component>
      <object_component id="oc-2c3">
         <name>.const:_ctlRegs</name>
         <load_address>0x33554</load_address>
         <run_address>0x33554</run_address>
         <size>0x80</size>
         <input_file_ref idref="fl-12"/>
      </object_component>
      <object_component id="oc-3bd">
         <name>.const:twiddleCoef_16</name>
         <load_address>0x335d4</load_address>
         <run_address>0x335d4</run_address>
         <size>0x80</size>
         <input_file_ref idref="fl-3b"/>
      </object_component>
      <object_component id="oc-3cc">
         <name>.const:armBitRevIndexTable64</name>
         <load_address>0x33654</load_address>
         <run_address>0x33654</run_address>
         <size>0x70</size>
         <input_file_ref idref="fl-3b"/>
      </object_component>
      <object_component id="oc-402">
         <name>.const:armBitRevIndexTable_fixed_64</name>
         <load_address>0x336c4</load_address>
         <run_address>0x336c4</run_address>
         <size>0x70</size>
         <input_file_ref idref="fl-3b"/>
      </object_component>
      <object_component id="oc-3c6">
         <name>.const:armBitRevIndexTable32</name>
         <load_address>0x33734</load_address>
         <run_address>0x33734</run_address>
         <size>0x60</size>
         <input_file_ref idref="fl-3b"/>
      </object_component>
      <object_component id="oc-3f3">
         <name>.const:twiddleCoef_16_q31</name>
         <load_address>0x33794</load_address>
         <run_address>0x33794</run_address>
         <size>0x60</size>
         <input_file_ref idref="fl-3b"/>
      </object_component>
      <object_component id="oc-42c">
         <name>.const:twiddleCoef_32_q15</name>
         <load_address>0x337f4</load_address>
         <run_address>0x337f4</run_address>
         <size>0x60</size>
         <input_file_ref idref="fl-3b"/>
      </object_component>
      <object_component id="oc-3fc">
         <name>.const:armBitRevIndexTable_fixed_32</name>
         <load_address>0x33854</load_address>
         <run_address>0x33854</run_address>
         <size>0x30</size>
         <input_file_ref idref="fl-3b"/>
      </object_component>
      <object_component id="oc-429">
         <name>.const:twiddleCoef_16_q15</name>
         <load_address>0x33884</load_address>
         <run_address>0x33884</run_address>
         <size>0x30</size>
         <input_file_ref idref="fl-3b"/>
      </object_component>
      <object_component id="oc-1d7">
         <name>.const:g_sCrystalfontz128x128</name>
         <load_address>0x338b4</load_address>
         <run_address>0x338b4</run_address>
         <size>0x2c</size>
         <input_file_ref idref="fl-10"/>
      </object_component>
      <object_component id="oc-3c0">
         <name>.const:armBitRevIndexTable16</name>
         <load_address>0x338e0</load_address>
         <run_address>0x338e0</run_address>
         <size>0x28</size>
         <input_file_ref idref="fl-3b"/>
      </object_component>
      <object_component id="oc-376">
         <name>.const:$P$T0$1</name>
         <load_address>0x33908</load_address>
         <run_address>0x33908</run_address>
         <size>0x1c</size>
         <input_file_ref idref="fl-11"/>
      </object_component>
      <object_component id="oc-3f6">
         <name>.const</name>
         <load_address>0x33924</load_address>
         <run_address>0x33924</run_address>
         <size>0x18</size>
         <input_file_ref idref="fl-3b"/>
      </object_component>
      <object_component id="oc-57a">
         <name>.cinit..data.load</name>
         <load_address>0x36430</load_address>
         <run_address>0x36430</run_address>
         <size>0x4a</size>
      </object_component>
      <object_component id="oc-578">
         <name>__TI_handler_table</name>
         <load_address>0x3647c</load_address>
         <run_address>0x3647c</run_address>
         <size>0xc</size>
      </object_component>
      <object_component id="oc-57b">
         <name>.cinit..bss.load</name>
         <load_address>0x36488</load_address>
         <run_address>0x36488</run_address>
         <size>0x8</size>
      </object_component>
      <object_component id="oc-579">
         <name>__TI_cinit_table</name>
         <load_address>0x36490</load_address>
         <run_address>0x36490</run_address>
         <size>0x10</size>
      </object_component>
      <object_component id="oc-9c">
         <name>.data</name>
         <load_address>0x20001d70</load_address>
         <run_address>0x20001d70</run_address>
         <size>0x14</size>
         <input_file_ref idref="fl-2"/>
      </object_component>
      <object_component id="oc-1f0">
         <name>.data:pwmConfig</name>
         <load_address>0x20001d58</load_address>
         <run_address>0x20001d58</run_address>
         <size>0x18</size>
         <input_file_ref idref="fl-2"/>
      </object_component>
      <object_component id="oc-240">
         <name>.data:GPIO_PORT_TO_BASE</name>
         <load_address>0x20001d28</load_address>
         <run_address>0x20001d28</run_address>
         <size>0x30</size>
         <input_file_ref idref="fl-1b"/>
      </object_component>
      <object_component id="oc-478">
         <name>.data</name>
         <load_address>0x20001d84</load_address>
         <run_address>0x20001d84</run_address>
         <size>0x4</size>
         <input_file_ref idref="fl-fd"/>
      </object_component>
      <object_component id="oc-1f6">
         <name>.common:status</name>
         <uninitialized>true</uninitialized>
         <run_address>0x20001d26</run_address>
         <size>0x1</size>
      </object_component>
      <object_component id="oc-1d6">
         <name>.common:g_sContext</name>
         <uninitialized>true</uninitialized>
         <run_address>0x20001d00</run_address>
         <size>0x1c</size>
      </object_component>
      <object_component id="oc-1f3">
         <name>.common:controlTable</name>
         <uninitialized>true</uninitialized>
         <run_address>0x20001c00</run_address>
         <size>0x100</size>
      </object_component>
      <object_component id="oc-1ef">
         <name>.common:hann</name>
         <uninitialized>true</uninitialized>
         <run_address>0x20000800</run_address>
         <size>0x800</size>
      </object_component>
      <object_component id="oc-9f">
         <name>.common:data_array1</name>
         <uninitialized>true</uninitialized>
         <run_address>0x20001000</run_address>
         <size>0x400</size>
      </object_component>
      <object_component id="oc-99">
         <name>.common:data_array2</name>
         <uninitialized>true</uninitialized>
         <run_address>0x20001400</run_address>
         <size>0x400</size>
      </object_component>
      <object_component id="oc-1f5">
         <name>.common:data_input</name>
         <uninitialized>true</uninitialized>
         <run_address>0x20000000</run_address>
         <size>0x800</size>
      </object_component>
      <object_component id="oc-1f4">
         <name>.common:data_output</name>
         <uninitialized>true</uninitialized>
         <run_address>0x20001800</run_address>
         <size>0x400</size>
      </object_component>
      <object_component id="oc-273">
         <name>.common:Lcd_Orientation</name>
         <uninitialized>true</uninitialized>
         <run_address>0x20001d24</run_address>
         <size>0x1</size>
      </object_component>
      <object_component id="oc-26a">
         <name>.common:Lcd_ScreenWidth</name>
         <uninitialized>true</uninitialized>
         <run_address>0x20001d1e</run_address>
         <size>0x2</size>
      </object_component>
      <object_component id="oc-26d">
         <name>.common:Lcd_ScreenHeigth</name>
         <uninitialized>true</uninitialized>
         <run_address>0x20001d1c</run_address>
         <size>0x2</size>
      </object_component>
      <object_component id="oc-26e">
         <name>.common:Lcd_PenSolid</name>
         <uninitialized>true</uninitialized>
         <run_address>0x20001d25</run_address>
         <size>0x1</size>
      </object_component>
      <object_component id="oc-26f">
         <name>.common:Lcd_FontSolid</name>
         <uninitialized>true</uninitialized>
         <run_address>0x20001d23</run_address>
         <size>0x1</size>
      </object_component>
      <object_component id="oc-270">
         <name>.common:Lcd_FlagRead</name>
         <uninitialized>true</uninitialized>
         <run_address>0x20001d22</run_address>
         <size>0x1</size>
      </object_component>
      <object_component id="oc-271">
         <name>.common:Lcd_TouchTrim</name>
         <uninitialized>true</uninitialized>
         <run_address>0x20001d20</run_address>
         <size>0x2</size>
      </object_component>
      <object_component id="oc-22">
         <name>.stack</name>
         <uninitialized>true</uninitialized>
         <run_address>0x2000fe00</run_address>
         <size>0x4</size>
         <input_file_ref idref="fl-fc"/>
      </object_component>
      <object_component id="oc-57c">
         <name>.stack</name>
         <uninitialized>true</uninitialized>
         <run_address>0x2000fe00</run_address>
         <size>0x0</size>
      </object_component>
      <object_component id="oc-9a">
         <name>.debug_info</name>
         <load_address>0x0</load_address>
         <run_address>0x0</run_address>
         <size>0x126a</size>
         <input_file_ref idref="fl-2"/>
      </object_component>
      <object_component id="oc-9d">
         <name>.debug_info</name>
         <load_address>0x126a</load_address>
         <run_address>0x126a</run_address>
         <size>0x1b9</size>
         <input_file_ref idref="fl-2"/>
      </object_component>
      <object_component id="oc-1f1">
         <name>.debug_info</name>
         <load_address>0x1423</load_address>
         <run_address>0x1423</run_address>
         <size>0x131</size>
         <input_file_ref idref="fl-2"/>
      </object_component>
      <object_component id="oc-d9">
         <name>.debug_info</name>
         <load_address>0x1554</load_address>
         <run_address>0x1554</run_address>
         <size>0x98d</size>
         <input_file_ref idref="fl-2"/>
      </object_component>
      <object_component id="oc-3e">
         <name>.debug_info</name>
         <load_address>0x1ee1</load_address>
         <run_address>0x1ee1</run_address>
         <size>0x1e5</size>
         <input_file_ref idref="fl-2"/>
      </object_component>
      <object_component id="oc-f0">
         <name>.debug_info</name>
         <load_address>0x20c6</load_address>
         <run_address>0x20c6</run_address>
         <size>0x1ea6</size>
         <input_file_ref idref="fl-2"/>
      </object_component>
      <object_component id="oc-a3">
         <name>.debug_info</name>
         <load_address>0x3f6c</load_address>
         <run_address>0x3f6c</run_address>
         <size>0x37e2</size>
         <input_file_ref idref="fl-2"/>
      </object_component>
      <object_component id="oc-b2">
         <name>.debug_info</name>
         <load_address>0x774e</load_address>
         <run_address>0x774e</run_address>
         <size>0x26b</size>
         <input_file_ref idref="fl-2"/>
      </object_component>
      <object_component id="oc-a8">
         <name>.debug_info</name>
         <load_address>0x79b9</load_address>
         <run_address>0x79b9</run_address>
         <size>0x1055</size>
         <input_file_ref idref="fl-2"/>
      </object_component>
      <object_component id="oc-35a">
         <name>.debug_info</name>
         <load_address>0x8a0e</load_address>
         <run_address>0x8a0e</run_address>
         <size>0x1b5</size>
         <input_file_ref idref="fl-2"/>
      </object_component>
      <object_component id="oc-f5">
         <name>.debug_info</name>
         <load_address>0x8bc3</load_address>
         <run_address>0x8bc3</run_address>
         <size>0x40a</size>
         <input_file_ref idref="fl-2"/>
      </object_component>
      <object_component id="oc-238">
         <name>.debug_info</name>
         <load_address>0x8fcd</load_address>
         <run_address>0x8fcd</run_address>
         <size>0x8a</size>
         <input_file_ref idref="fl-2"/>
      </object_component>
      <object_component id="oc-fa">
         <name>.debug_info</name>
         <load_address>0x9057</load_address>
         <run_address>0x9057</run_address>
         <size>0x341</size>
         <input_file_ref idref="fl-2"/>
      </object_component>
      <object_component id="oc-ff">
         <name>.debug_info</name>
         <load_address>0x9398</load_address>
         <run_address>0x9398</run_address>
         <size>0x8b</size>
         <input_file_ref idref="fl-2"/>
      </object_component>
      <object_component id="oc-10b">
         <name>.debug_info</name>
         <load_address>0x9423</load_address>
         <run_address>0x9423</run_address>
         <size>0x297</size>
         <input_file_ref idref="fl-2"/>
      </object_component>
      <object_component id="oc-104">
         <name>.debug_info</name>
         <load_address>0x96ba</load_address>
         <run_address>0x96ba</run_address>
         <size>0xef</size>
         <input_file_ref idref="fl-2"/>
      </object_component>
      <object_component id="oc-ad">
         <name>.debug_info</name>
         <load_address>0x97a9</load_address>
         <run_address>0x97a9</run_address>
         <size>0xbb</size>
         <input_file_ref idref="fl-2"/>
      </object_component>
      <object_component id="oc-37a">
         <name>.debug_info</name>
         <load_address>0x9864</load_address>
         <run_address>0x9864</run_address>
         <size>0x131</size>
         <input_file_ref idref="fl-2"/>
      </object_component>
      <object_component id="oc-45">
         <name>.debug_info</name>
         <load_address>0x9995</load_address>
         <run_address>0x9995</run_address>
         <size>0x600</size>
         <input_file_ref idref="fl-3"/>
      </object_component>
      <object_component id="oc-11">
         <name>.debug_info</name>
         <load_address>0x9f95</load_address>
         <run_address>0x9f95</run_address>
         <size>0x14d</size>
         <input_file_ref idref="fl-3"/>
      </object_component>
      <object_component id="oc-28">
         <name>.debug_info</name>
         <load_address>0xa0e2</load_address>
         <run_address>0xa0e2</run_address>
         <size>0x182</size>
         <input_file_ref idref="fl-3"/>
      </object_component>
      <object_component id="oc-2f">
         <name>.debug_info</name>
         <load_address>0xa264</load_address>
         <run_address>0xa264</run_address>
         <size>0x173</size>
         <input_file_ref idref="fl-3"/>
      </object_component>
      <object_component id="oc-35">
         <name>.debug_info</name>
         <load_address>0xa3d7</load_address>
         <run_address>0xa3d7</run_address>
         <size>0x177</size>
         <input_file_ref idref="fl-3"/>
      </object_component>
      <object_component id="oc-39">
         <name>.debug_info</name>
         <load_address>0xa54e</load_address>
         <run_address>0xa54e</run_address>
         <size>0x17b</size>
         <input_file_ref idref="fl-3"/>
      </object_component>
      <object_component id="oc-4c">
         <name>.debug_info</name>
         <load_address>0xa6c9</load_address>
         <run_address>0xa6c9</run_address>
         <size>0x84</size>
         <input_file_ref idref="fl-3"/>
      </object_component>
      <object_component id="oc-317">
         <name>.debug_info</name>
         <load_address>0xa74d</load_address>
         <run_address>0xa74d</run_address>
         <size>0x270</size>
         <input_file_ref idref="fl-4"/>
      </object_component>
      <object_component id="oc-313">
         <name>.debug_info</name>
         <load_address>0xa9bd</load_address>
         <run_address>0xa9bd</run_address>
         <size>0x15c</size>
         <input_file_ref idref="fl-4"/>
      </object_component>
      <object_component id="oc-1db">
         <name>.debug_info</name>
         <load_address>0xab19</load_address>
         <run_address>0xab19</run_address>
         <size>0x151</size>
         <input_file_ref idref="fl-4"/>
      </object_component>
      <object_component id="oc-276">
         <name>.debug_info</name>
         <load_address>0xac6a</load_address>
         <run_address>0xac6a</run_address>
         <size>0x573</size>
         <input_file_ref idref="fl-8"/>
      </object_component>
      <object_component id="oc-14b">
         <name>.debug_info</name>
         <load_address>0xb1dd</load_address>
         <run_address>0xb1dd</run_address>
         <size>0x214</size>
         <input_file_ref idref="fl-8"/>
      </object_component>
      <object_component id="oc-157">
         <name>.debug_info</name>
         <load_address>0xb3f1</load_address>
         <run_address>0xb3f1</run_address>
         <size>0x1e6</size>
         <input_file_ref idref="fl-8"/>
      </object_component>
      <object_component id="oc-151">
         <name>.debug_info</name>
         <load_address>0xb5d7</load_address>
         <run_address>0xb5d7</run_address>
         <size>0x214</size>
         <input_file_ref idref="fl-8"/>
      </object_component>
      <object_component id="oc-145">
         <name>.debug_info</name>
         <load_address>0xb7eb</load_address>
         <run_address>0xb7eb</run_address>
         <size>0x1fa</size>
         <input_file_ref idref="fl-8"/>
      </object_component>
      <object_component id="oc-15d">
         <name>.debug_info</name>
         <load_address>0xb9e5</load_address>
         <run_address>0xb9e5</run_address>
         <size>0x1f1</size>
         <input_file_ref idref="fl-8"/>
      </object_component>
      <object_component id="oc-39a">
         <name>.debug_info</name>
         <load_address>0xbbd6</load_address>
         <run_address>0xbbd6</run_address>
         <size>0x3fa</size>
         <input_file_ref idref="fl-9"/>
      </object_component>
      <object_component id="oc-278">
         <name>.debug_info</name>
         <load_address>0xbfd0</load_address>
         <run_address>0xbfd0</run_address>
         <size>0x202</size>
         <input_file_ref idref="fl-9"/>
      </object_component>
      <object_component id="oc-290">
         <name>.debug_info</name>
         <load_address>0xc1d2</load_address>
         <run_address>0xc1d2</run_address>
         <size>0x24d</size>
         <input_file_ref idref="fl-9"/>
      </object_component>
      <object_component id="oc-3a8">
         <name>.debug_info</name>
         <load_address>0xc41f</load_address>
         <run_address>0xc41f</run_address>
         <size>0x220</size>
         <input_file_ref idref="fl-9"/>
      </object_component>
      <object_component id="oc-288">
         <name>.debug_info</name>
         <load_address>0xc63f</load_address>
         <run_address>0xc63f</run_address>
         <size>0x251</size>
         <input_file_ref idref="fl-9"/>
      </object_component>
      <object_component id="oc-281">
         <name>.debug_info</name>
         <load_address>0xc890</load_address>
         <run_address>0xc890</run_address>
         <size>0x1fa</size>
         <input_file_ref idref="fl-9"/>
      </object_component>
      <object_component id="oc-28e">
         <name>.debug_info</name>
         <load_address>0xca8a</load_address>
         <run_address>0xca8a</run_address>
         <size>0x544</size>
         <input_file_ref idref="fl-c"/>
      </object_component>
      <object_component id="oc-169">
         <name>.debug_info</name>
         <load_address>0xcfce</load_address>
         <run_address>0xcfce</run_address>
         <size>0x243</size>
         <input_file_ref idref="fl-c"/>
      </object_component>
      <object_component id="oc-164">
         <name>.debug_info</name>
         <load_address>0xd211</load_address>
         <run_address>0xd211</run_address>
         <size>0x245</size>
         <input_file_ref idref="fl-c"/>
      </object_component>
      <object_component id="oc-2a3">
         <name>.debug_info</name>
         <load_address>0xd456</load_address>
         <run_address>0xd456</run_address>
         <size>0x4c8</size>
         <input_file_ref idref="fl-f"/>
      </object_component>
      <object_component id="oc-297">
         <name>.debug_info</name>
         <load_address>0xd91e</load_address>
         <run_address>0xd91e</run_address>
         <size>0x2aa</size>
         <input_file_ref idref="fl-f"/>
      </object_component>
      <object_component id="oc-3a2">
         <name>.debug_info</name>
         <load_address>0xdbc8</load_address>
         <run_address>0xdbc8</run_address>
         <size>0x1ea</size>
         <input_file_ref idref="fl-f"/>
      </object_component>
      <object_component id="oc-29d">
         <name>.debug_info</name>
         <load_address>0xddb2</load_address>
         <run_address>0xddb2</run_address>
         <size>0x489</size>
         <input_file_ref idref="fl-f"/>
      </object_component>
      <object_component id="oc-170">
         <name>.debug_info</name>
         <load_address>0xe23b</load_address>
         <run_address>0xe23b</run_address>
         <size>0x29e</size>
         <input_file_ref idref="fl-f"/>
      </object_component>
      <object_component id="oc-26b">
         <name>.debug_info</name>
         <load_address>0xe4d9</load_address>
         <run_address>0xe4d9</run_address>
         <size>0x969</size>
         <input_file_ref idref="fl-10"/>
      </object_component>
      <object_component id="oc-1d8">
         <name>.debug_info</name>
         <load_address>0xee42</load_address>
         <run_address>0xee42</run_address>
         <size>0x16c</size>
         <input_file_ref idref="fl-10"/>
      </object_component>
      <object_component id="oc-13f">
         <name>.debug_info</name>
         <load_address>0xefae</load_address>
         <run_address>0xefae</run_address>
         <size>0x25e</size>
         <input_file_ref idref="fl-10"/>
      </object_component>
      <object_component id="oc-265">
         <name>.debug_info</name>
         <load_address>0xf20c</load_address>
         <run_address>0xf20c</run_address>
         <size>0x347</size>
         <input_file_ref idref="fl-10"/>
      </object_component>
      <object_component id="oc-2f9">
         <name>.debug_info</name>
         <load_address>0xf553</load_address>
         <run_address>0xf553</run_address>
         <size>0x315</size>
         <input_file_ref idref="fl-10"/>
      </object_component>
      <object_component id="oc-2e7">
         <name>.debug_info</name>
         <load_address>0xf868</load_address>
         <run_address>0xf868</run_address>
         <size>0x4a6</size>
         <input_file_ref idref="fl-10"/>
      </object_component>
      <object_component id="oc-2e1">
         <name>.debug_info</name>
         <load_address>0xfd0e</load_address>
         <run_address>0xfd0e</run_address>
         <size>0x2d9</size>
         <input_file_ref idref="fl-10"/>
      </object_component>
      <object_component id="oc-2f3">
         <name>.debug_info</name>
         <load_address>0xffe7</load_address>
         <run_address>0xffe7</run_address>
         <size>0x2ff</size>
         <input_file_ref idref="fl-10"/>
      </object_component>
      <object_component id="oc-2ed">
         <name>.debug_info</name>
         <load_address>0x102e6</load_address>
         <run_address>0x102e6</run_address>
         <size>0x2ff</size>
         <input_file_ref idref="fl-10"/>
      </object_component>
      <object_component id="oc-139">
         <name>.debug_info</name>
         <load_address>0x105e5</load_address>
         <run_address>0x105e5</run_address>
         <size>0x433</size>
         <input_file_ref idref="fl-10"/>
      </object_component>
      <object_component id="oc-305">
         <name>.debug_info</name>
         <load_address>0x10a18</load_address>
         <run_address>0x10a18</run_address>
         <size>0x200</size>
         <input_file_ref idref="fl-10"/>
      </object_component>
      <object_component id="oc-2ff">
         <name>.debug_info</name>
         <load_address>0x10c18</load_address>
         <run_address>0x10c18</run_address>
         <size>0x244</size>
         <input_file_ref idref="fl-10"/>
      </object_component>
      <object_component id="oc-30b">
         <name>.debug_info</name>
         <load_address>0x10e5c</load_address>
         <run_address>0x10e5c</run_address>
         <size>0x27c</size>
         <input_file_ref idref="fl-10"/>
      </object_component>
      <object_component id="oc-392">
         <name>.debug_info</name>
         <load_address>0x110d8</load_address>
         <run_address>0x110d8</run_address>
         <size>0x37e2</size>
         <input_file_ref idref="fl-10"/>
      </object_component>
      <object_component id="oc-38d">
         <name>.debug_info</name>
         <load_address>0x148ba</load_address>
         <run_address>0x148ba</run_address>
         <size>0x930</size>
         <input_file_ref idref="fl-11"/>
      </object_component>
      <object_component id="oc-377">
         <name>.debug_info</name>
         <load_address>0x151ea</load_address>
         <run_address>0x151ea</run_address>
         <size>0x160</size>
         <input_file_ref idref="fl-11"/>
      </object_component>
      <object_component id="oc-261">
         <name>.debug_info</name>
         <load_address>0x1534a</load_address>
         <run_address>0x1534a</run_address>
         <size>0x265</size>
         <input_file_ref idref="fl-11"/>
      </object_component>
      <object_component id="oc-25b">
         <name>.debug_info</name>
         <load_address>0x155af</load_address>
         <run_address>0x155af</run_address>
         <size>0x2b2</size>
         <input_file_ref idref="fl-11"/>
      </object_component>
      <object_component id="oc-24f">
         <name>.debug_info</name>
         <load_address>0x15861</load_address>
         <run_address>0x15861</run_address>
         <size>0x280</size>
         <input_file_ref idref="fl-11"/>
      </object_component>
      <object_component id="oc-249">
         <name>.debug_info</name>
         <load_address>0x15ae1</load_address>
         <run_address>0x15ae1</run_address>
         <size>0x2b7</size>
         <input_file_ref idref="fl-11"/>
      </object_component>
      <object_component id="oc-2b9">
         <name>.debug_info</name>
         <load_address>0x15d98</load_address>
         <run_address>0x15d98</run_address>
         <size>0x702</size>
         <input_file_ref idref="fl-12"/>
      </object_component>
      <object_component id="oc-2c4">
         <name>.debug_info</name>
         <load_address>0x1649a</load_address>
         <run_address>0x1649a</run_address>
         <size>0x144</size>
         <input_file_ref idref="fl-12"/>
      </object_component>
      <object_component id="oc-2b3">
         <name>.debug_info</name>
         <load_address>0x165de</load_address>
         <run_address>0x165de</run_address>
         <size>0x1ba</size>
         <input_file_ref idref="fl-12"/>
      </object_component>
      <object_component id="oc-1a1">
         <name>.debug_info</name>
         <load_address>0x16798</load_address>
         <run_address>0x16798</run_address>
         <size>0x24d</size>
         <input_file_ref idref="fl-12"/>
      </object_component>
      <object_component id="oc-1b9">
         <name>.debug_info</name>
         <load_address>0x169e5</load_address>
         <run_address>0x169e5</run_address>
         <size>0x21b</size>
         <input_file_ref idref="fl-12"/>
      </object_component>
      <object_component id="oc-19b">
         <name>.debug_info</name>
         <load_address>0x16c00</load_address>
         <run_address>0x16c00</run_address>
[...]
         <name>EUSCI_A_SPI_transmitData</name>
         <value>0x36419</value>
         <object_component_ref idref="oc-4c1"/>
      </symbol>
      <symbol id="sm-4b3">
         <name>EUSCI_B_SPI_transmitData</name>
         <value>0x3641d</value>
         <object_component_ref idref="oc-4bb"/>
      </symbol>
      <symbol id="sm-4b4">
         <name>SPI_transmitData</name>
         <value>0x36279</value>
         <object_component_ref idref="oc-386"/>
      </symbol>
      <symbol id="sm-4b5">
         <name>EUSCI_A_SPI_enable</name>
         <value>0x363c9</value>
         <object_component_ref idref="oc-4b1"/>
      </symbol>
      <symbol id="sm-4b6">
         <name>SPI_initMaster</name>
         <value>0x35627</value>
         <object_component_ref idref="oc-36a"/>
      </symbol>
      <symbol id="sm-4db">
         <name>Timer_A_generatePWM</name>
         <value>0x35d81</value>
         <object_component_ref idref="oc-18e"/>
      </symbol>
      <symbol id="sm-51d">
         <name>arm_rfft_init_q15</name>
         <value>0x3509d</value>
         <object_component_ref idref="oc-1d0"/>
      </symbol>
      <symbol id="sm-541">
         <name>arm_split_rfft_q15</name>
         <value>0x34fc1</value>
         <object_component_ref idref="oc-324"/>
      </symbol>
      <symbol id="sm-542">
         <name>arm_rfft_q15</name>
         <value>0x35a0f</value>
         <object_component_ref idref="oc-1dd"/>
      </symbol>
      <symbol id="sm-543">
         <name>arm_split_rifft_q15</name>
         <value>0x35741</value>
         <object_component_ref idref="oc-318"/>
      </symbol>
      <symbol id="sm-554">
         <name>arm_max_q15</name>
         <value>0x3583d</value>
         <object_component_ref idref="oc-1e9"/>
      </symbol>
      <symbol id="sm-579">
         <name>arm_cfft_sR_f32_len512</name>
         <value>0x32b2c</value>
         <object_component_ref idref="oc-2d1"/>
      </symbol>
      <symbol id="sm-57a">
         <name>arm_cfft_sR_f32_len128</name>
         <value>0x32b0c</value>
         <object_component_ref idref="oc-2d1"/>
      </symbol>
      <symbol id="sm-57b">
         <name>arm_cfft_sR_q31_len1024</name>
         <value>0x32bcc</value>
         <object_component_ref idref="oc-2d1"/>
      </symbol>
      <symbol id="sm-57c">
         <name>arm_cfft_sR_q15_len4096</name>
         <value>0x32c7c</value>
         <object_component_ref idref="oc-2d1"/>
      </symbol>
      <symbol id="sm-57d">
         <name>arm_cfft_sR_q31_len2048</name>
         <value>0x32bdc</value>
         <object_component_ref idref="oc-2d1"/>
      </symbol>
      <symbol id="sm-57e">
         <name>arm_cfft_sR_q15_len512</name>
         <value>0x32c4c</value>
         <object_component_ref idref="oc-2d1"/>
      </symbol>
      <symbol id="sm-57f">
         <name>arm_cfft_sR_f32_len256</name>
         <value>0x32b1c</value>
         <object_component_ref idref="oc-2d1"/>
      </symbol>
      <symbol id="sm-580">
         <name>arm_cfft_sR_q15_len128</name>
         <value>0x32c2c</value>
         <object_component_ref idref="oc-2d1"/>
      </symbol>
      <symbol id="sm-581">
         <name>arm_cfft_sR_q31_len64</name>
         <value>0x32b8c</value>
         <object_component_ref idref="oc-2d1"/>
      </symbol>
      <symbol id="sm-582">
         <name>arm_cfft_sR_q31_len4096</name>
         <value>0x32bec</value>
         <object_component_ref idref="oc-2d1"/>
      </symbol>
      <symbol id="sm-583">
         <name>arm_cfft_sR_q31_len16</name>
         <value>0x32b6c</value>
         <object_component_ref idref="oc-2d1"/>
      </symbol>
      <symbol id="sm-584">
         <name>arm_cfft_sR_f32_len64</name>
         <value>0x32afc</value>
         <object_component_ref idref="oc-2d1"/>
      </symbol>
      <symbol id="sm-585">
         <name>arm_cfft_sR_q31_len32</name>
         <value>0x32b7c</value>
         <object_component_ref idref="oc-2d1"/>
      </symbol>
      <symbol id="sm-586">
         <name>arm_cfft_sR_f32_len16</name>
         <value>0x32adc</value>
         <object_component_ref idref="oc-2d1"/>
      </symbol>
      <symbol id="sm-587">
         <name>arm_cfft_sR_q15_len64</name>
         <value>0x32c1c</value>
         <object_component_ref idref="oc-2d1"/>
      </symbol>
      <symbol id="sm-588">
         <name>arm_cfft_sR_q15_len256</name>
         <value>0x32c3c</value>
         <object_component_ref idref="oc-2d1"/>
      </symbol>
      <symbol id="sm-589">
         <name>arm_cfft_sR_f32_len32</name>
         <value>0x32aec</value>
         <object_component_ref idref="oc-2d1"/>
      </symbol>
      <symbol id="sm-58a">
         <name>arm_cfft_sR_q15_len16</name>
         <value>0x32bfc</value>
         <object_component_ref idref="oc-2d1"/>
      </symbol>
      <symbol id="sm-58b">
         <name>arm_cfft_sR_f32_len4096</name>
         <value>0x32b5c</value>
         <object_component_ref idref="oc-2d1"/>
      </symbol>
      <symbol id="sm-58c">
         <name>arm_cfft_sR_q31_len512</name>
         <value>0x32bbc</value>
         <object_component_ref idref="oc-2d1"/>
      </symbol>
      <symbol id="sm-58d">
         <name>arm_cfft_sR_q31_len128</name>
         <value>0x32b9c</value>
         <object_component_ref idref="oc-2d1"/>
      </symbol>
      <symbol id="sm-58e">
         <name>arm_cfft_sR_q15_len32</name>
         <value>0x32c0c</value>
         <object_component_ref idref="oc-2d1"/>
      </symbol>
      <symbol id="sm-58f">
         <name>arm_cfft_sR_f32_len1024</name>
         <value>0x32b3c</value>
         <object_component_ref idref="oc-2d1"/>
      </symbol>
      <symbol id="sm-590">
         <name>arm_cfft_sR_q15_len1024</name>
         <value>0x32c5c</value>
         <object_component_ref idref="oc-2d1"/>
      </symbol>
      <symbol id="sm-591">
         <name>arm_cfft_sR_q15_len2048</name>
         <value>0x32c6c</value>
         <object_component_ref idref="oc-2d1"/>
      </symbol>
      <symbol id="sm-592">
         <name>arm_cfft_sR_f32_len2048</name>
         <value>0x32b4c</value>
         <object_component_ref idref="oc-2d1"/>
      </symbol>
      <symbol id="sm-593">
         <name>arm_cfft_sR_q31_len256</name>
         <value>0x32bac</value>
         <object_component_ref idref="oc-2d1"/>
      </symbol>
      <symbol id="sm-5c1">
         <name>arm_cfft_q15</name>
         <value>0x35221</value>
         <object_component_ref idref="oc-31e"/>
      </symbol>
      <symbol id="sm-5c2">
         <name>arm_cfft_radix4by2_q15</name>
         <value>0x354e7</value>
         <object_component_ref idref="oc-45c"/>
      </symbol>
      <symbol id="sm-5c3">
         <name>arm_cfft_radix4by2_inverse_q15</name>
         <value>0x35443</value>
         <object_component_ref idref="oc-468"/>
      </symbol>
      <symbol id="sm-5e6">
         <name>arm_radix4_butterfly_inverse_q15</name>
         <value>0x33f79</value>
         <object_component_ref idref="oc-462"/>
      </symbol>
      <symbol id="sm-5e7">
         <name>arm_radix4_butterfly_q15</name>
         <value>0x342b5</value>
         <object_component_ref idref="oc-456"/>
      </symbol>
      <symbol id="sm-6fa">
         <name>armBitRevIndexTable1024</name>
         <value>0x2cd84</value>
         <object_component_ref idref="oc-3e4"/>
      </symbol>
      <symbol id="sm-6fb">
         <name>armBitRevIndexTable2048</name>
         <value>0x26044</value>
         <object_component_ref idref="oc-3ea"/>
      </symbol>
      <symbol id="sm-6fc">
         <name>twiddleCoef_16_q31</name>
         <value>0x33794</value>
         <object_component_ref idref="oc-3f3"/>
      </symbol>
      <symbol id="sm-6fd">
         <name>armBitRevIndexTable_fixed_256</name>
         <value>0x328fc</value>
         <object_component_ref idref="oc-40e"/>
      </symbol>
      <symbol id="sm-6fe">
         <name>twiddleCoef_2048</name>
         <value>0x16144</value>
         <object_component_ref idref="oc-3e7"/>
      </symbol>
      <symbol id="sm-6ff">
         <name>twiddleCoef_128_q15</name>
         <value>0x32e2c</value>
         <object_component_ref idref="oc-432"/>
      </symbol>
      <symbol id="sm-700">
         <name>twiddleCoef_16_q15</name>
         <value>0x33884</value>
         <object_component_ref idref="oc-429"/>
      </symbol>
      <symbol id="sm-701">
         <name>twiddleCoef_128_q31</name>
         <value>0x31e04</value>
         <object_component_ref idref="oc-405"/>
      </symbol>
      <symbol id="sm-702">
         <name>twiddleCoef_2048_q15</name>
         <value>0x29604</value>
         <object_component_ref idref="oc-43e"/>
      </symbol>
      <symbol id="sm-703">
         <name>armBitRevIndexTable_fixed_16</name>
         <value>0x33924</value>
         <object_component_ref idref="oc-3f6"/>
      </symbol>
      <symbol id="sm-704">
         <name>twiddleCoef_2048_q31</name>
         <value>0x1a144</value>
         <object_component_ref idref="oc-41d"/>
      </symbol>
      <symbol id="sm-705">
         <name>armBitRevIndexTable_fixed_32</name>
         <value>0x33854</value>
         <object_component_ref idref="oc-3fc"/>
      </symbol>
      <symbol id="sm-706">
         <name>twiddleCoef_256</name>
         <value>0x2f394</value>
         <object_component_ref idref="oc-3d5"/>
      </symbol>
      <symbol id="sm-707">
         <name>twiddleCoef_64_q31</name>
         <value>0x32fac</value>
         <object_component_ref idref="oc-3ff"/>
      </symbol>
      <symbol id="sm-708">
         <name>armBitRevIndexTable_fixed_1024</name>
         <value>0x2fb94</value>
         <object_component_ref idref="oc-41a"/>
      </symbol>
      <symbol id="sm-709">
         <name>armBitRevIndexTable_fixed_4096</name>
         <value>0x240c4</value>
         <object_component_ref idref="oc-426"/>
      </symbol>
      <symbol id="sm-70a">
         <name>twiddleCoef_64_q15</name>
         <value>0x33494</value>
         <object_component_ref idref="oc-42f"/>
      </symbol>
      <symbol id="sm-70b">
         <name>armBitRevIndexTable4096</name>
         <value>0x22144</value>
         <object_component_ref idref="oc-3f0"/>
      </symbol>
      <symbol id="sm-70c">
         <name>twiddleCoef_32</name>
         <value>0x3312c</value>
         <object_component_ref idref="oc-3c3"/>
      </symbol>
      <symbol id="sm-70d">
         <name>armBitRevIndexTable_fixed_64</name>
         <value>0x336c4</value>
         <object_component_ref idref="oc-402"/>
      </symbol>
      <symbol id="sm-70e">
         <name>armBitRevIndexTable_fixed_128</name>
         <value>0x3322c</value>
         <object_component_ref idref="oc-408"/>
      </symbol>
      <symbol id="sm-70f">
         <name>twiddleCoef_16</name>
         <value>0x335d4</value>
         <object_component_ref idref="oc-3bd"/>
      </symbol>
      <symbol id="sm-710">
         <name>twiddleCoef_4096_q15</name>
         <value>0x1d144</value>
         <object_component_ref idref="oc-441"/>
      </symbol>
      <symbol id="sm-711">
         <name>twiddleCoef_1024</name>
         <value>0x20144</value>
         <object_component_ref idref="oc-3e1"/>
      </symbol>
      <symbol id="sm-712">
         <name>armBitRevIndexTable_fixed_512</name>
         <value>0x31354</value>
         <object_component_ref idref="oc-414"/>
      </symbol>
      <symbol id="sm-713">
         <name>twiddleCoef_128</name>
         <value>0x30f54</value>
         <object_component_ref idref="oc-3cf"/>
      </symbol>
      <symbol id="sm-714">
         <name>twiddleCoef_4096_q31</name>
         <value>0x8144</value>
         <object_component_ref idref="oc-423"/>
      </symbol>
      <symbol id="sm-715">
         <name>twiddleCoef_32_q31</name>
         <value>0x333d4</value>
         <object_component_ref idref="oc-3f9"/>
      </symbol>
      <symbol id="sm-716">
         <name>twiddleCoef_64</name>
         <value>0x326fc</value>
         <object_component_ref idref="oc-3c9"/>
      </symbol>
      <symbol id="sm-717">
         <name>armBitRevIndexTable128</name>
         <value>0x32c8c</value>
         <object_component_ref idref="oc-3d2"/>
      </symbol>
      <symbol id="sm-718">
         <name>twiddleCoef_4096</name>
         <value>0x144</value>
         <object_component_ref idref="oc-3ed"/>
      </symbol>
      <symbol id="sm-719">
         <name>twiddleCoef_32_q15</name>
         <value>0x337f4</value>
         <object_component_ref idref="oc-42c"/>
      </symbol>
      <symbol id="sm-71a">
         <name>twiddleCoef_512</name>
         <value>0x2ae04</value>
         <object_component_ref idref="oc-3db"/>
      </symbol>
      <symbol id="sm-71b">
         <name>armBitRevIndexTable512</name>
         <value>0x31714</value>
         <object_component_ref idref="oc-3de"/>
      </symbol>
      <symbol id="sm-71c">
         <name>armBitRevIndexTable16</name>
         <value>0x338e0</value>
         <object_component_ref idref="oc-3c0"/>
      </symbol>
      <symbol id="sm-71d">
         <name>armBitRevIndexTable32</name>
         <value>0x33734</value>
         <object_component_ref idref="oc-3c6"/>
      </symbol>
      <symbol id="sm-71e">
         <name>twiddleCoef_256_q15</name>
         <value>0x32104</value>
         <object_component_ref idref="oc-435"/>
      </symbol>
      <symbol id="sm-71f">
         <name>twiddleCoef_256_q31</name>
         <value>0x30354</value>
         <object_component_ref idref="oc-40b"/>
      </symbol>
      <symbol id="sm-720">
         <name>twiddleCoef_1024_q15</name>
         <value>0x2db94</value>
         <object_component_ref idref="oc-43b"/>
      </symbol>
      <symbol id="sm-721">
         <name>armBitRevIndexTable64</name>
         <value>0x33654</value>
         <object_component_ref idref="oc-3cc"/>
      </symbol>
      <symbol id="sm-722">
         <name>twiddleCoef_1024_q31</name>
         <value>0x27e04</value>
         <object_component_ref idref="oc-417"/>
      </symbol>
      <symbol id="sm-723">
         <name>armBitRevIndexTable_fixed_2048</name>
         <value>0x2be04</value>
         <object_component_ref idref="oc-420"/>
      </symbol>
      <symbol id="sm-724">
         <name>armBitRevIndexTable256</name>
         <value>0x31a94</value>
         <object_component_ref idref="oc-3d8"/>
      </symbol>
      <symbol id="sm-725">
         <name>twiddleCoef_512_q15</name>
         <value>0x30954</value>
         <object_component_ref idref="oc-438"/>
      </symbol>
      <symbol id="sm-726">
         <name>twiddleCoef_512_q31</name>
         <value>0x2e794</value>
         <object_component_ref idref="oc-411"/>
      </symbol>
      <symbol id="sm-732">
         <name>arm_bitreversal_32</name>
         <value>0x35161</value>
         <object_component_ref idref="oc-46e"/>
      </symbol>
      <symbol id="sm-733">
         <name>arm_bitreversal_16</name>
         <value>0x351cb</value>
         <object_component_ref idref="oc-46e"/>
      </symbol>
      <symbol id="sm-743">
         <name>sqrtf</name>
         <value>0x36185</value>
         <object_component_ref idref="oc-1e3"/>
      </symbol>
      <symbol id="sm-757">
         <name>cosf</name>
         <value>0x352dd</value>
         <object_component_ref idref="oc-174"/>
      </symbol>
      <symbol id="sm-76e">
         <name>__aeabi_dsub</name>
         <value>0x348c1</value>
         <object_component_ref idref="oc-184"/>
      </symbol>
      <symbol id="sm-76f">
         <name>__aeabi_dadd</name>
         <value>0x348cb</value>
         <object_component_ref idref="oc-184"/>
      </symbol>
      <symbol id="sm-77a">
         <name>__aeabi_dmul</name>
         <value>0x34de3</value>
         <object_component_ref idref="oc-17f"/>
      </symbol>
      <symbol id="sm-786">
         <name>__aeabi_d2f</name>
         <value>0x359a1</value>
         <object_component_ref idref="oc-189"/>
      </symbol>
      <symbol id="sm-791">
         <name>__aeabi_f2d</name>
         <value>0x36039</value>
         <object_component_ref idref="oc-17a"/>
      </symbol>
      <symbol id="sm-7a8">
         <name>__TI_zero_init</name>
         <value>0x363e1</value>
         <object_component_ref idref="oc-63"/>
      </symbol>
      <symbol id="sm-7bf">
         <name>__TI_decompress_none</name>
         <value>0x363af</value>
         <object_component_ref idref="oc-19"/>
      </symbol>
      <symbol id="sm-7e2">
         <name>__TI_decompress_lzss</name>
         <value>0x35ae3</value>
         <object_component_ref idref="oc-13"/>
      </symbol>
      <symbol id="sm-7f5">
         <name>__stack</name>
         <value>0x2000fe00</value>
         <object_component_ref idref="oc-22"/>
      </symbol>
      <symbol id="sm-7f6">
         <name>_c_int00_noargs</name>
         <value>0x36001</value>
         <object_component_ref idref="oc-6f"/>
      </symbol>
      <symbol id="sm-80c">
         <name>__aeabi_errno_addr</name>
         <value>0x36411</value>
         <object_component_ref idref="oc-32c"/>
      </symbol>
      <symbol id="sm-80d">
         <name>errno</name>
         <value>0x20001d84</value>
         <object_component_ref idref="oc-478"/>
      </symbol>
      <symbol id="sm-818">
         <name>C$$EXIT</name>
         <value>0x36429</value>
         <object_component_ref idref="oc-1f8"/>
      </symbol>
      <symbol id="sm-819">
         <name>abort</name>
         <value>0x36429</value>
         <object_component_ref idref="oc-1f8"/>
      </symbol>
      <symbol id="sm-836">
         <name>memcpy</name>
         <value>0x3558b</value>
         <object_component_ref idref="oc-51"/>
      </symbol>
      <symbol id="sm-837">
         <name>__aeabi_memcpy</name>
         <value>0x3558b</value>
         <object_component_ref idref="oc-51"/>
      </symbol>
      <symbol id="sm-838">
         <name>__aeabi_memcpy8</name>
         <value>0x3558b</value>
         <object_component_ref idref="oc-51"/>
      </symbol>
      <symbol id="sm-839">
         <name>__aeabi_memcpy4</name>
         <value>0x3558b</value>
         <object_component_ref idref="oc-51"/>
      </symbol>
      <symbol id="sm-848">
         <name>__aeabi_memset</name>
         <value>0x358b9</value>
         <object_component_ref idref="oc-cc"/>
      </symbol>
      <symbol id="sm-849">
         <name>memset</name>
         <value>0x358bf</value>
         <object_component_ref idref="oc-cc"/>
      </symbol>
      <symbol id="sm-84a">
         <name>__aeabi_memset8</name>
         <value>0x358b9</value>
         <object_component_ref idref="oc-cc"/>
      </symbol>
      <symbol id="sm-84b">
         <name>__aeabi_memset4</name>
         <value>0x358b9</value>
         <object_component_ref idref="oc-cc"/>
      </symbol>
      <symbol id="sm-84c">
         <name>__aeabi_memclr8</name>
         <value>0x358b7</value>
         <object_component_ref idref="oc-cc"/>
      </symbol>
      <symbol id="sm-84d">
         <name>__aeabi_memclr4</name>
         <value>0x358b7</value>
         <object_component_ref idref="oc-cc"/>
      </symbol>
      <symbol id="sm-84e">
         <name>__aeabi_memclr</name>
         <value>0x358b7</value>
         <object_component_ref idref="oc-cc"/>
      </symbol>
      <symbol id="sm-876">
         <name>__TI_auto_init_nobinit_nopinit</name>
         <value>0x35e0d</value>
         <object_component_ref idref="oc-204"/>
      </symbol>
      <symbol id="sm-880">
         <name>_system_pre_init</name>
         <value>0x36425</value>
         <object_component_ref idref="oc-d2"/>
      </symbol>
      <symbol id="sm-882">
         <name>__TI_static_base__</name>
         <value>0x0</value>
      </symbol>
      <symbol id="sm-885">
         <name>__mpu_init</name>
         <value>0x0</value>
      </symbol>
      <symbol id="sm-886">
         <name>_system_post_cinit</name>
         <value>0x0</value>
      </symbol>
   </symbol_table>
   <title>Link successful</title>
</link_info>
