******************************************************************************
                  TI ARM Linker PC v18.1.1                     
******************************************************************************
>> Linked Wed Apr 25 22:34:57 2018

OUTPUT FILE NAME:   <adc14_single_channel_external_reference.out>
ENTRY POINT SYMBOL: "_c_int00_noargs"  address: 00000ee5


MEMORY CONFIGURATION

         name            origin    length      used     unused   attr    fill
----------------------  --------  ---------  --------  --------  ----  --------
  MAIN                  00000000   00040000  00001368  0003ec98  R  X
  INFO                  00200000   00004000  00000000  00004000  R  X
  SRAM_CODE             01000000   00010000  00000000  00010000  RW X
  SRAM_DATA             20000000   00010000  00000236  0000fdca  RW  


SEGMENT ALLOCATION MAP

run origin  load origin   length   init length attrs members
----------  ----------- ---------- ----------- ----- -------
00000000    00000000    00001368   00001368    r-x
  00000000    00000000    00000140   00000140    r-- .intvecs
  00000140    00000140    00001110   00001110    r-x .text
  00001250    00001250    000000c0   000000c0    r-- .const
  00001310    00001310    00000058   00000058    r-- .cinit
20000000    20000000    00000036   00000000    rw-
  20000000    20000000    00000034   00000000    rw- .data
  20000034    20000034    00000002   00000000    rw- .bss
2000fe00    2000fe00    00000200   00000000    rw-
  2000fe00    2000fe00    00000200   00000000    rw- .stack


SECTION ALLOCATION MAP

 output                                  attributes/
section   page    origin      length       input sections
--------  ----  ----------  ----------   ----------------
.intvecs   0    00000000    00000140     
                  00000000    00000140     startup_msp432p401r_ccs.obj (.intvecs:retain)

.text      0    00000140    00001110     
                  00000140    00000328     system_msp432p401r.obj (.text)
                  00000468    000001a0     msp432p4xx_driverlib.lib : pcm.o (.text:__PCM_setPowerStateAdvanced)
                  00000608    00000154                              : adc14.o (.text:_getIndexForMemRegister)
                  0000075c    0000010c     periph_config.obj (.text)
                  00000868    000000e0     msp432p4xx_driverlib.lib : cs.o (.text:CS_initClockSignal)
                  00000948    000000dc                              : pcm.o (.text:__PCM_setPowerModeAdvanced)
                  00000a24    000000b0                              : pcm.o (.text:__PCM_setCoreVoltageLevelAdvanced)
                  00000ad4    0000009c     rtsv7M4_T_le_v4SPD16_eabi.lib : memcpy_t2.asm.obj (.text)
                  00000b70    0000007c     msp432p4xx_driverlib.lib : pcm.o (.text:PCM_gotoLPM3)
                  00000bec    0000006c                              : adc14.o (.text:ADC14_configureConversionMemory)
                  00000c58    00000068     adc14_single_channel_external_reference.obj (.text)
                  00000cc0    00000068     rtsv7M4_T_le_v4SPD16_eabi.lib : copy_decompress_lzss.c.obj (.text:decompress:lzss:__TI_decompress_lzss)
                  00000d28    00000064     msp432p4xx_driverlib.lib : interrupt.o (.text:Interrupt_enableInterrupt)
                  00000d8c    00000050                              : pcm.o (.text:PCM_shutdownDevice)
                  00000ddc    00000048                              : gpio.o (.text:GPIO_setAsPeripheralModuleFunctionInputPin)
                  00000e24    00000044                              : adc14.o (.text:ADC14_configureSingleSampleMode)
                  00000e68    00000044     rtsv7M4_T_le_v4SPD16_eabi.lib : autoinit.c.obj (.text:__TI_auto_init_nobinit_nopinit:__TI_auto_init_nobinit_nopinit)
                  00000eac    00000038     msp432p4xx_driverlib.lib : adc14.o (.text:ADC14_initModule)
                  00000ee4    00000038     rtsv7M4_T_le_v4SPD16_eabi.lib : boot_cortex_m.c.obj (.text:_c_int00_noargs:_c_int00_noargs)
                  00000f1c    0000002c     msp432p4xx_driverlib.lib : adc14.o (.text:ADC14_enableConversion)
                  00000f48    0000002c                              : pcm.o (.text:PCM_getCoreVoltageLevel)
                  00000f74    0000002a                              : pcm.o (.text:PCM_getPowerMode)
                  00000f9e    00000002     --HOLE-- [fill = 0]
                  00000fa0    00000028                              : adc14.o (.text:ADC14_enableSampleTimer)
                  00000fc8    00000028                              : flash.o (.text:FlashCtl_setWaitState)
                  00000ff0    00000028                              : pcm.o (.text:PCM_gotoLPM0)
                  00001018    00000024                              : adc14.o (.text:ADC14_getEnabledInterruptStatus)
                  0000103c    00000024                              : cs.o (.text:CS_setDCOCenteredFrequency)
                  00001060    00000024                              : gpio.o (.text:GPIO_setAsOutputPin)
                  00001084    00000024                              : rtc_c.o (.text:RTC_C_holdClock)
                  000010a8    00000020                              : adc14.o (.text:ADC14_clearInterruptFlag)
                  000010c8    00000020                              : adc14.o (.text:ADC14_enableInterrupt)
                  000010e8    00000020                              : adc14.o (.text:ADC14_toggleConversionTrigger)
                  00001108    0000001c                              : adc14.o (.text:ADC14_getInterruptStatus)
                  00001124    00000018                              : adc14.o (.text:ADC14_getResult)
                  0000113c    00000018                              : gpio.o (.text:GPIO_setOutputLowOnPin)
                  00001154    00000018                              : wdt_a.o (.text:WDT_A_holdTimer)
                  0000116c    00000014                              : adc14.o (.text:ADCIsConversionRunning)
                  00001180    00000014                              : interrupt.o (.text:Interrupt_enableSleepOnIsrExit)
                  00001194    00000012     rtsv7M4_T_le_v4SPD16_eabi.lib : copy_zero_init.c.obj (.text:decompress:ZI:__TI_zero_init_nomemset:__TI_zero_init_nomemset)
                  000011a6    00000012     startup_msp432p401r_ccs.obj (.text)
                  000011b8    00000010     msp432p4xx_driverlib.lib : adc14.o (.text:ADC14_enableModule)
                  000011c8    00000010                              : interrupt.o (.text:Interrupt_disableMaster)
                  000011d8    00000010                              : interrupt.o (.text:Interrupt_enableMaster)
                  000011e8    00000010                              : pcm.o (.text:PCM_gotoLPM4)
                  000011f8    0000000e     rtsv7M4_T_le_v4SPD16_eabi.lib : copy_decompress_none.c.obj (.text:decompress:none:__TI_decompress_none)
                  00001206    0000000c     msp432p4xx_driverlib.lib : cpu.o (.text:CPU_cpsid)
                  00001212    0000000c                              : cpu.o (.text:CPU_cpsie)
                  0000121e    00000002     --HOLE-- [fill = 0]
                  00001220    0000000c                              : pcm.o (.text:PCM_getPowerState)
                  0000122c    00000008                              : pcm.o (.text:PCM_setCoreVoltageLevel)
                  00001234    00000008                              : pcm.o (.text:PCM_setPowerMode)
                  0000123c    00000008                              : pcm.o (.text:PCM_setPowerState)
                  00001244    00000004                              : cpu.o (.text:CPU_wfi)
                  00001248    00000004     rtsv7M4_T_le_v4SPD16_eabi.lib : pre_init.c.obj (.text:_system_pre_init)
                  0000124c    00000004                                   : exit.c.obj (.text:abort:abort)

.const     0    00001250    000000c0     
                  00001250    00000080     msp432p4xx_driverlib.lib : adc14.o (.const:_ctlRegs)
                  000012d0    00000040                              : interrupt.o (.const)

.cinit     0    00001310    00000058     
                  00001310    0000002f     (.cinit..data.load) [load image, compression = lzss]
                  0000133f    00000001     --HOLE-- [fill = 0]
                  00001340    0000000c     (__TI_handler_table)
                  0000134c    00000004     --HOLE-- [fill = 0]
                  00001350    00000008     (.cinit..bss.load) [load image, compression = zero_init]
                  00001358    00000010     (__TI_cinit_table)

.init_array 
*          0    00000000    00000000     UNINITIALIZED

.data      0    20000000    00000034     UNINITIALIZED
                  20000000    00000030     msp432p4xx_driverlib.lib : gpio.o (.data:GPIO_PORT_TO_BASE)
                  20000030    00000004     system_msp432p401r.obj (.data)

.bss       0    20000034    00000002     UNINITIALIZED
                  20000034    00000002     (.common:adcResult)

.stack     0    2000fe00    00000200     UNINITIALIZED
                  2000fe00    00000004     rtsv7M4_T_le_v4SPD16_eabi.lib : boot_cortex_m.c.obj (.stack)
                  2000fe04    000001fc     --HOLE--

MODULE SUMMARY

       Module                                        code   ro data   rw data
       ------                                        ----   -------   -------
    .\
       system_msp432p401r.obj                        808    0         4      
       startup_msp432p401r_ccs.obj                   18     320       0      
       periph_config.obj                             268    0         0      
       adc14_single_channel_external_reference.obj   104    0         2      
    +--+---------------------------------------------+------+---------+---------+
       Total:                                        1198   320       6      
                                                                             
    C:/Users/offba/Downloads/msp432_driverlib_3_21_00_05/msp432_driverlib_3_21_00_05/driverlib/MSP432P4xx/ccs/msp432p4xx_driverlib.lib
       pcm.o                                         1194   0         0      
       adc14.o                                       876    128       0      
       cs.o                                          260    0         0      
       interrupt.o                                   152    64        0      
       gpio.o                                        132    0         48     
       flash.o                                       40     0         0      
       rtc_c.o                                       36     0         0      
       cpu.o                                         28     0         0      
       wdt_a.o                                       24     0         0      
    +--+---------------------------------------------+------+---------+---------+
       Total:                                        2742   192       48     
                                                                             
    C:\ti\ccsv8\tools\compiler\ti-cgt-arm_18.1.1.LTS\lib\rtsv7M4_T_le_v4SPD16_eabi.lib
       memcpy_t2.asm.obj                             156    0         0      
       copy_decompress_lzss.c.obj                    104    0         0      
       autoinit.c.obj                                68     0         0      
       boot_cortex_m.c.obj                           56     0         0      
       copy_zero_init.c.obj                          18     0         0      
       copy_decompress_none.c.obj                    14     0         0      
       exit.c.obj                                    4      0         0      
       pre_init.c.obj                                4      0         0      
    +--+---------------------------------------------+------+---------+---------+
       Total:                                        424    0         0      
                                                                             
       Stack:                                        0      0         512    
       Linker Generated:                             0      83        0      
    +--+---------------------------------------------+------+---------+---------+
       Grand Total:                                  4364   595       566    


LINKER GENERATED COPY TABLES

__TI_cinit_table @ 00001358 records: 2, size/record: 8, table size: 16
	.data: load addr=00001310, load size=0000002f bytes, run addr=20000000, run size=00000034 bytes, compression=lzss
	.bss: load addr=00001350, load size=00000008 bytes, run addr=20000034, run size=00000002 bytes, compression=zero_init


LINKER GENERATED HANDLER TABLE

__TI_handler_table @ 00001340 records: 3, size/record: 4, table size: 12
	index: 0, handler: __TI_decompress_lzss
	index: 1, handler: __TI_decompress_none
	index: 2, handler: __TI_zero_init


GLOBAL SYMBOLS: SORTED ALPHABETICALLY BY Name 

address   name                                      
-------   ----                                      
00000c8b  ADC14_IRQHandler                          
000010a9  ADC14_clearInterruptFlag                  
00000bed  ADC14_configureConversionMemory           
00000e25  ADC14_configureSingleSampleMode           
00000f1d  ADC14_enableConversion                    
000010c9  ADC14_enableInterrupt                     
000011b9  ADC14_enableModule                        
00000fa1  ADC14_enableSampleTimer                   
00001019  ADC14_getEnabledInterruptStatus           
00001109  ADC14_getInterruptStatus                  
00001125  ADC14_getResult                           
00000ead  ADC14_initModule                          
000010e9  ADC14_toggleConversionTrigger             
0000124d  C$$EXIT                                   
00001207  CPU_cpsid                                 
00001213  CPU_cpsie                                 
00001245  CPU_wfi                                   
00000869  CS_initClockSignal                        
0000103d  CS_setDCOCenteredFrequency                
00000fc9  FlashCtl_setWaitState                     
00001061  GPIO_setAsOutputPin                       
00000ddd  GPIO_setAsPeripheralModuleFunctionInputPin
0000113d  GPIO_setOutputLowOnPin                    
000011c9  Interrupt_disableMaster                   
00000d29  Interrupt_enableInterrupt                 
000011d9  Interrupt_enableMaster                    
00001181  Interrupt_enableSleepOnIsrExit            
00000f49  PCM_getCoreVoltageLevel                   
00000f75  PCM_getPowerMode                          
00001221  PCM_getPowerState                         
00000ff1  PCM_gotoLPM0                              
00000b71  PCM_gotoLPM3                              
000011e9  PCM_gotoLPM4                              
0000122d  PCM_setCoreVoltageLevel                   
00001235  PCM_setPowerMode                          
0000123d  PCM_setPowerState                         
00000d8d  PCM_shutdownDevice                        
00001085  RTC_C_holdClock                           
20000030  SystemCoreClock                           
00000141  SystemCoreClockUpdate                     
000003b5  SystemInit                                
4000480c  WDTCTL_SYM                                
00001155  WDT_A_holdTimer                           
20010000  __STACK_END                               
00000200  __STACK_SIZE                              
00001358  __TI_CINIT_Base                           
00001368  __TI_CINIT_Limit                          
00001340  __TI_Handler_Table_Base                   
0000134c  __TI_Handler_Table_Limit                  
00000e69  __TI_auto_init_nobinit_nopinit            
00000cc1  __TI_decompress_lzss                      
000011f9  __TI_decompress_none                      
ffffffff  __TI_pprof_out_hndl                       
ffffffff  __TI_prof_data_size                       
ffffffff  __TI_prof_data_start                      
00000000  __TI_static_base__                        
00001195  __TI_zero_init_nomemset                   
00000ad5  __aeabi_memcpy                            
00000ad5  __aeabi_memcpy4                           
00000ad5  __aeabi_memcpy8                           
ffffffff  __binit__                                 
ffffffff  __c_args__                                
UNDEFED   __mpu_init                                
2000fe00  __stack                                   
00000ee5  _c_int00_noargs                           
UNDEFED   _system_post_cinit                        
00001249  _system_pre_init                          
0000124d  abort                                     
20000034  adcResult                                 
ffffffff  binit                                     
0000082b  configureADC                              
0000075d  configureClocks                           
000007af  configureGPIO                             
00000000  interruptVectors                          
00000c59  main                                      
00000ad5  memcpy                                    


GLOBAL SYMBOLS: SORTED BY Symbol Address 

address   name                                      
-------   ----                                      
00000000  __TI_static_base__                        
00000000  interruptVectors                          
00000141  SystemCoreClockUpdate                     
00000200  __STACK_SIZE                              
000003b5  SystemInit                                
0000075d  configureClocks                           
000007af  configureGPIO                             
0000082b  configureADC                              
00000869  CS_initClockSignal                        
00000ad5  __aeabi_memcpy                            
00000ad5  __aeabi_memcpy4                           
00000ad5  __aeabi_memcpy8                           
00000ad5  memcpy                                    
00000b71  PCM_gotoLPM3                              
00000bed  ADC14_configureConversionMemory           
00000c59  main                                      
00000c8b  ADC14_IRQHandler                          
00000cc1  __TI_decompress_lzss                      
00000d29  Interrupt_enableInterrupt                 
00000d8d  PCM_shutdownDevice                        
00000ddd  GPIO_setAsPeripheralModuleFunctionInputPin
00000e25  ADC14_configureSingleSampleMode           
00000e69  __TI_auto_init_nobinit_nopinit            
00000ead  ADC14_initModule                          
00000ee5  _c_int00_noargs                           
00000f1d  ADC14_enableConversion                    
00000f49  PCM_getCoreVoltageLevel                   
00000f75  PCM_getPowerMode                          
00000fa1  ADC14_enableSampleTimer                   
00000fc9  FlashCtl_setWaitState                     
00000ff1  PCM_gotoLPM0                              
00001019  ADC14_getEnabledInterruptStatus           
0000103d  CS_setDCOCenteredFrequency                
00001061  GPIO_setAsOutputPin                       
00001085  RTC_C_holdClock                           
000010a9  ADC14_clearInterruptFlag                  
000010c9  ADC14_enableInterrupt                     
000010e9  ADC14_toggleConversionTrigger             
00001109  ADC14_getInterruptStatus                  
00001125  ADC14_getResult                           
0000113d  GPIO_setOutputLowOnPin                    
00001155  WDT_A_holdTimer                           
00001181  Interrupt_enableSleepOnIsrExit            
00001195  __TI_zero_init_nomemset                   
000011b9  ADC14_enableModule                        
000011c9  Interrupt_disableMaster                   
000011d9  Interrupt_enableMaster                    
000011e9  PCM_gotoLPM4                              
000011f9  __TI_decompress_none                      
00001207  CPU_cpsid                                 
00001213  CPU_cpsie                                 
00001221  PCM_getPowerState                         
0000122d  PCM_setCoreVoltageLevel                   
00001235  PCM_setPowerMode                          
0000123d  PCM_setPowerState                         
00001245  CPU_wfi                                   
00001249  _system_pre_init                          
0000124d  C$$EXIT                                   
0000124d  abort                                     
00001340  __TI_Handler_Table_Base                   
0000134c  __TI_Handler_Table_Limit                  
00001358  __TI_CINIT_Base                           
00001368  __TI_CINIT_Limit                          
20000030  SystemCoreClock                           
20000034  adcResult                                 
2000fe00  __stack                                   
20010000  __STACK_END                               
4000480c  WDTCTL_SYM                                
ffffffff  __TI_pprof_out_hndl                       
ffffffff  __TI_prof_data_size                       
ffffffff  __TI_prof_data_start                      
ffffffff  __binit__                                 
ffffffff  __c_args__                                
ffffffff  binit                                     
UNDEFED   __mpu_init                                
UNDEFED   _system_post_cinit                        

[76 symbols]
